Archive member included to satisfy reference by file (symbol)

../Middlewares/ST/AI/Lib\NetworkRuntime810_CM7_GCC.a(ai_platform.o)
                              ./X-CUBE-AI/App/network.o (ai_buffer_array_item_set_address)
../Middlewares/ST/AI/Lib\NetworkRuntime810_CM7_GCC.a(ai_platform_interface.o)
                              ./X-CUBE-AI/App/network.o (ai_platform_get_weights_map)
../Middlewares/ST/AI/Lib\NetworkRuntime810_CM7_GCC.a(core_common.o)
                              ../Middlewares/ST/AI/Lib\NetworkRuntime810_CM7_GCC.a(ai_platform_interface.o) (core_init)
../Middlewares/ST/AI/Lib\NetworkRuntime810_CM7_GCC.a(core_mem_manager.o)
                              ../Middlewares/ST/AI/Lib\NetworkRuntime810_CM7_GCC.a(ai_platform_interface.o) (core_mem_alloc)
../Middlewares/ST/AI/Lib\NetworkRuntime810_CM7_GCC.a(layers.o)
                              ../Middlewares/ST/AI/Lib\NetworkRuntime810_CM7_GCC.a(ai_platform_interface.o) (ai_check_custom_types)
../Middlewares/ST/AI/Lib\NetworkRuntime810_CM7_GCC.a(layers_conv2d_generic_float.o)
                              ./X-CUBE-AI/App/network.o (forward_dense)
../Middlewares/ST/AI/Lib\NetworkRuntime810_CM7_GCC.a(layers_conv2d_stm32_integer.o)
                              ../Middlewares/ST/AI/Lib\NetworkRuntime810_CM7_GCC.a(layers.o) (get_conv2d_scratch_size)
../Middlewares/ST/AI/Lib\NetworkRuntime810_CM7_GCC.a(layers_nl_generic_float.o)
                              ./X-CUBE-AI/App/network.o (nl_func_sigmoid_array_f32)
../Middlewares/ST/AI/Lib\NetworkRuntime810_CM7_GCC.a(layers_rnn_generic_float.o)
                              ./X-CUBE-AI/App/network.o (forward_lstm)
../Middlewares/ST/AI/Lib\NetworkRuntime810_CM7_GCC.a(forward_lite_conv2d_if32of32wf32.o)
                              ../Middlewares/ST/AI/Lib\NetworkRuntime810_CM7_GCC.a(layers_conv2d_generic_float.o) (forward_lite_conv2d_if32of32wf32)
../Middlewares/ST/AI/Lib\NetworkRuntime810_CM7_GCC.a(lite_dense_if32.o)
                              ../Middlewares/ST/AI/Lib\NetworkRuntime810_CM7_GCC.a(layers_conv2d_generic_float.o) (forward_lite_dense_if32of32wf32)
../Middlewares/ST/AI/Lib\NetworkRuntime810_CM7_GCC.a(st_convolve_reference.o)
                              ../Middlewares/ST/AI/Lib\NetworkRuntime810_CM7_GCC.a(layers_conv2d_stm32_integer.o) (align_factor)
../Middlewares/ST/AI/Lib\NetworkRuntime810_CM7_GCC.a(st_sssa8_ch_convolve.o)
                              ../Middlewares/ST/AI/Lib\NetworkRuntime810_CM7_GCC.a(layers_conv2d_stm32_integer.o) (st_sssa8_ch_convolve_rank1upd)
../Middlewares/ST/AI/Lib\NetworkRuntime810_CM7_GCC.a(st_sssa8_convolve.o)
                              ../Middlewares/ST/AI/Lib\NetworkRuntime810_CM7_GCC.a(layers_conv2d_stm32_integer.o) (st_sssa8_convolve_rank1upd)
../Middlewares/ST/AI/Lib\NetworkRuntime810_CM7_GCC.a(st_sssa8_convolve_1x1.o)
                              ../Middlewares/ST/AI/Lib\NetworkRuntime810_CM7_GCC.a(layers_conv2d_stm32_integer.o) (st_sssa8_convolve_1x1_WeightsPrefetch)
../Middlewares/ST/AI/Lib\NetworkRuntime810_CM7_GCC.a(st_sssa8_convolve_dw.o)
                              ../Middlewares/ST/AI/Lib\NetworkRuntime810_CM7_GCC.a(layers_conv2d_stm32_integer.o) (st_sssa8_conv_dw_Wadapt)
../Middlewares/ST/AI/Lib\NetworkRuntime810_CM7_GCC.a(st_sssa8_convolve_rgb.o)
                              ../Middlewares/ST/AI/Lib\NetworkRuntime810_CM7_GCC.a(layers_conv2d_stm32_integer.o) (st_sssa8_convolve_rgb)
../Middlewares/ST/AI/Lib\NetworkRuntime810_CM7_GCC.a(st_ssua8_ch_convolve.o)
                              ../Middlewares/ST/AI/Lib\NetworkRuntime810_CM7_GCC.a(layers_conv2d_stm32_integer.o) (st_ssua8_ch_convolve_rank1upd)
../Middlewares/ST/AI/Lib\NetworkRuntime810_CM7_GCC.a(st_ssua8_ch_convolve_1x1.o)
                              ../Middlewares/ST/AI/Lib\NetworkRuntime810_CM7_GCC.a(layers_conv2d_stm32_integer.o) (st_ssua8_ch_convolve_1x1)
../Middlewares/ST/AI/Lib\NetworkRuntime810_CM7_GCC.a(st_ssua8_ch_convolve_dw.o)
                              ../Middlewares/ST/AI/Lib\NetworkRuntime810_CM7_GCC.a(layers_conv2d_stm32_integer.o) (st_ssua8_ch_conv_dw_Wadapt)
../Middlewares/ST/AI/Lib\NetworkRuntime810_CM7_GCC.a(st_ssua8_ch_convolve_rgb.o)
                              ../Middlewares/ST/AI/Lib\NetworkRuntime810_CM7_GCC.a(layers_conv2d_stm32_integer.o) (st_ssua8_ch_convolve_rgb)
../Middlewares/ST/AI/Lib\NetworkRuntime810_CM7_GCC.a(st_ssua8_convolve.o)
                              ../Middlewares/ST/AI/Lib\NetworkRuntime810_CM7_GCC.a(layers_conv2d_stm32_integer.o) (st_ssua8_convolve_rank1upd)
../Middlewares/ST/AI/Lib\NetworkRuntime810_CM7_GCC.a(st_ssua8_convolve_1x1.o)
                              ../Middlewares/ST/AI/Lib\NetworkRuntime810_CM7_GCC.a(layers_conv2d_stm32_integer.o) (st_ssua8_convolve_1x1)
../Middlewares/ST/AI/Lib\NetworkRuntime810_CM7_GCC.a(st_ssua8_convolve_dw.o)
                              ../Middlewares/ST/AI/Lib\NetworkRuntime810_CM7_GCC.a(layers_conv2d_stm32_integer.o) (st_ssua8_conv_dw_Wadapt)
[...]
Memory Configuration

Name             Origin             Length             Attributes
FLASH            0x0000000008000000 0x0000000000200000 xr
DTCMRAM          0x0000000020000000 0x0000000000020000 xrw
RAM_D1           0x0000000024000000 0x0000000000080000 xrw
RAM_D2           0x0000000030000000 0x0000000000048000 xrw
RAM_D3           0x0000000038000000 0x0000000000010000 xrw
ITCMRAM          0x0000000000000000 0x0000000000010000 xrw
*default*        0x0000000000000000 0xffffffffffffffff

Linker script and memory map

LOAD D:/Program Files/STM32CubeIDE_1.14.0/STM32CubeIDE/plugins/com.st.stm32cube.ide.mcu.externaltools.gnu-tools-for-stm32.11.3.rel1.win32_1.1.100.202309141235/tools/bin/../lib/gcc/arm-none-eabi/11.3.1/thumb/v7e-m+dp/hard/crti.o
LOAD D:/Program Files/STM32CubeIDE_1.14.0/STM32CubeIDE/plugins/com.st.stm32cube.ide.mcu.externaltools.gnu-tools-for-stm32.11.3.rel1.win32_1.1.100.202309141235/tools/bin/../lib/gcc/arm-none-eabi/11.3.1/thumb/v7e-m+dp/hard/crtbegin.o
LOAD D:/Program Files/STM32CubeIDE_1.14.0/STM32CubeIDE/plugins/com.st.stm32cube.ide.mcu.externaltools.gnu-tools-for-stm32.11.3.rel1.win32_1.1.100.202309141235/tools/bin/../lib/gcc/arm-none-eabi/11.3.1/../../../../arm-none-eabi/lib/thumb/v7e-m+dp/hard/crt0.o
LOAD ./Core/Src/main.o
LOAD ./Core/Src/stm32h7xx_hal_msp.o
LOAD ./Core/Src/stm32h7xx_it.o
LOAD ./Core/Src/sysmem.o
LOAD ./Core/Src/system_stm32h7xx.o
LOAD ./Core/Startup/startup_stm32h743iitx.o
LOAD ./Drivers/STM32H7xx_HAL_Driver/Src/stm32h7xx_hal.o
LOAD ./Drivers/STM32H7xx_HAL_Driver/Src/stm32h7xx_hal_cortex.o
LOAD ./Drivers/STM32H7xx_HAL_Driver/Src/stm32h7xx_hal_crc.o
LOAD ./Drivers/STM32H7xx_HAL_Driver/Src/stm32h7xx_hal_crc_ex.o
LOAD ./Drivers/STM32H7xx_HAL_Driver/Src/stm32h7xx_hal_dma.o
LOAD ./Drivers/STM32H7xx_HAL_Driver/Src/stm32h7xx_hal_dma_ex.o
LOAD ./Drivers/STM32H7xx_HAL_Driver/Src/stm32h7xx_hal_exti.o
LOAD ./Drivers/STM32H7xx_HAL_Driver/Src/stm32h7xx_hal_flash.o
LOAD ./Drivers/STM32H7xx_HAL_Driver/Src/stm32h7xx_hal_flash_ex.o
LOAD ./Drivers/STM32H7xx_HAL_Driver/Src/stm32h7xx_hal_gpio.o
LOAD ./Drivers/STM32H7xx_HAL_Driver/Src/stm32h7xx_hal_hsem.o
LOAD ./Drivers/STM32H7xx_HAL_Driver/Src/stm32h7xx_hal_i2c.o
LOAD ./Drivers/STM32H7xx_HAL_Driver/Src/stm32h7xx_hal_i2c_ex.o
LOAD ./Drivers/STM32H7xx_HAL_Driver/Src/stm32h7xx_hal_mdma.o
LOAD ./Drivers/STM32H7xx_HAL_Driver/Src/stm32h7xx_hal_pwr.o
LOAD ./Drivers/STM32H7xx_HAL_Driver/Src/stm32h7xx_hal_pwr_ex.o
LOAD ./Drivers/STM32H7xx_HAL_Driver/Src/stm32h7xx_hal_rcc.o
LOAD ./Drivers/STM32H7xx_HAL_Driver/Src/stm32h7xx_hal_rcc_ex.o
LOAD ./Drivers/STM32H7xx_HAL_Driver/Src/stm32h7xx_hal_tim.o
LOAD ./Drivers/STM32H7xx_HAL_Driver/Src/stm32h7xx_hal_tim_ex.o
LOAD ./Drivers/STM32H7xx_HAL_Driver/Src/stm32h7xx_hal_uart.o
LOAD ./Drivers/STM32H7xx_HAL_Driver/Src/stm32h7xx_hal_uart_ex.o
LOAD ./X-CUBE-AI/App/network.o
LOAD ./X-CUBE-AI/App/network_data.o
LOAD ./X-CUBE-AI/App/network_data_params.o
LOAD ../Middlewares/ST/AI/Lib\NetworkRuntime810_CM7_GCC.a
START GROUP
LOAD D:/Program Files/STM32CubeIDE_1.14.0/STM32CubeIDE/plugins/com.st.stm32cube.ide.mcu.externaltools.gnu-tools-for-stm32.11.3.rel1.win32_1.1.100.202309141235/tools/bin/../lib/gcc/arm-none-eabi/11.3.1/../../../../arm-none-eabi/lib/thumb/v7e-m+dp/hard\libc_nano.a
LOAD D:/Program Files/STM32CubeIDE_1.14.0/STM32CubeIDE/plugins/com.st.stm32cube.ide.mcu.externaltools.gnu-tools-for-stm32.11.3.rel1.win32_1.1.100.202309141235/tools/bin/../lib/gcc/arm-none-eabi/11.3.1/../../../../arm-none-eabi/lib/thumb/v7e-m+dp/hard\libm.a
END GROUP
START GROUP
LOAD D:/Program Files/STM32CubeIDE_1.14.0/STM32CubeIDE/plugins/com.st.stm32cube.ide.mcu.externaltools.gnu-tools-for-stm32.11.3.rel1.win32_1.1.100.202309141235/tools/bin/../lib/gcc/arm-none-eabi/11.3.1/thumb/v7e-m+dp/hard\libgcc.a
LOAD D:/Program Files/STM32CubeIDE_1.14.0/STM32CubeIDE/plugins/com.st.stm32cube.ide.mcu.externaltools.gnu-tools-for-stm32.11.3.rel1.win32_1.1.100.202309141235/tools/bin/../lib/gcc/arm-none-eabi/11.3.1/../../../../arm-none-eabi/lib/thumb/v7e-m+dp/hard\libc_nano.a
END GROUP
START GROUP
LOAD D:/Program Files/STM32CubeIDE_1.14.0/STM32CubeIDE/plugins/com.st.stm32cube.ide.mcu.externaltools.gnu-tools-for-stm32.11.3.rel1.win32_1.1.100.202309141235/tools/bin/../lib/gcc/arm-none-eabi/11.3.1/thumb/v7e-m+dp/hard\libgcc.a
LOAD D:/Program Files/STM32CubeIDE_1.14.0/STM32CubeIDE/plugins/com.st.stm32cube.ide.mcu.externaltools.gnu-tools-for-stm32.11.3.rel1.win32_1.1.100.202309141235/tools/bin/../lib/gcc/arm-none-eabi/11.3.1/../../../../arm-none-eabi/lib/thumb/v7e-m+dp/hard\libc_nano.a
LOAD D:/Program Files/STM32CubeIDE_1.14.0/STM32CubeIDE/plugins/com.st.stm32cube.ide.mcu.externaltools.gnu-tools-for-stm32.11.3.rel1.win32_1.1.100.202309141235/tools/bin/../lib/gcc/arm-none-eabi/11.3.1/../../../../arm-none-eabi/lib/thumb/v7e-m+dp/hard\libnosys.a
END GROUP
START GROUP
LOAD D:/Program Files/STM32CubeIDE_1.14.0/STM32CubeIDE/plugins/com.st.stm32cube.ide.mcu.externaltools.gnu-tools-for-stm32.11.3.rel1.win32_1.1.100.202309141235/tools/bin/../lib/gcc/arm-none-eabi/11.3.1/thumb/v7e-m+dp/hard\libgcc.a
LOAD D:/Program Files/STM32CubeIDE_1.14.0/STM32CubeIDE/plugins/com.st.stm32cube.ide.mcu.externaltools.gnu-tools-for-stm32.11.3.rel1.win32_1.1.100.202309141235/tools/bin/../lib/gcc/arm-none-eabi/11.3.1/../../../../arm-none-eabi/lib/thumb/v7e-m+dp/hard\libc_nano.a
LOAD D:/Program Files/STM32CubeIDE_1.14.0/STM32CubeIDE/plugins/com.st.stm32cube.ide.mcu.externaltools.gnu-tools-for-stm32.11.3.rel1.win32_1.1.100.202309141235/tools/bin/../lib/gcc/arm-none-eabi/11.3.1/../../../../arm-none-eabi/lib/thumb/v7e-m+dp/hard\libnosys.a
END GROUP
LOAD D:/Program Files/STM32CubeIDE_1.14.0/STM32CubeIDE/plugins/com.st.stm32cube.ide.mcu.externaltools.gnu-tools-for-stm32.11.3.rel1.win32_1.1.100.202309141235/tools/bin/../lib/gcc/arm-none-eabi/11.3.1/thumb/v7e-m+dp/hard/crtend.o
LOAD D:/Program Files/STM32CubeIDE_1.14.0/STM32CubeIDE/plugins/com.st.stm32cube.ide.mcu.externaltools.gnu-tools-for-stm32.11.3.rel1.win32_1.1.100.202309141235/tools/bin/../lib/gcc/arm-none-eabi/11.3.1/thumb/v7e-m+dp/hard/crtn.o
                0x0000000024080000                _estack = (ORIGIN (RAM_D1) + LENGTH (RAM_D1))
                0x0000000000000800                _Min_Heap_Size = 0x800
                0x0000000000000800                _Min_Stack_Size = 0x800

.isr_vector     0x0000000008000000      0x298
                0x0000000008000000                . = ALIGN (0x4)
 *(.isr_vector)
 .isr_vector    0x0000000008000000      0x298 ./Core/Startup/startup_stm32h743iitx.o
                0x0000000008000000                g_pfnVectors
                0x0000000008000298                . = ALIGN (0x4)

.text           0x00000000080002a0     0xef94
                0x00000000080002a0                . = ALIGN (0x4)
 *(.text)
 .text          0x00000000080002a0       0x40 D:/Program Files/STM32CubeIDE_1.14.0/STM32CubeIDE/plugins/com.st.stm32cube.ide.mcu.externaltools.gnu-tools-for-stm32.11.3.rel1.win32_1.1.100.202309141235/tools/bin/../lib/gcc/arm-none-eabi/11.3.1/thumb/v7e-m+dp/hard/crtbegin.o
 .text          0x00000000080002e0       0xa0 D:/Program Files/STM32CubeIDE_1.14.0/STM32CubeIDE/plugins/com.st.stm32cube.ide.mcu.externaltools.gnu-tools-for-stm32.11.3.rel1.win32_1.1.100.202309141235/tools/bin/../lib/gcc/arm-none-eabi/11.3.1/../../../../arm-none-eabi/lib/thumb/v7e-m+dp/hard\libc_nano.a(libc_a-memchr.o)
                0x00000000080002e0                memchr
 .text          0x0000000008000380       0x10 D:/Program Files/STM32CubeIDE_1.14.0/STM32CubeIDE/plugins/com.st.stm32cube.ide.mcu.externaltools.gnu-tools-for-stm32.11.3.rel1.win32_1.1.100.202309141235/tools/bin/../lib/gcc/arm-none-eabi/11.3.1/../../../../arm-none-eabi/lib/thumb/v7e-m+dp/hard\libc_nano.a(libc_a-strlen.o)
                0x0000000008000380                strlen
 .text          0x0000000008000390       0x30 D:/Program Files/STM32CubeIDE_1.14.0/STM32CubeIDE/plugins/com.st.stm32cube.ide.mcu.externaltools.gnu-tools-for-stm32.11.3.rel1.win32_1.1.100.202309141235/tools/bin/../lib/gcc/arm-none-eabi/11.3.1/thumb/v7e-m+dp/hard\libgcc.a(_aeabi_uldivmod.o)
                0x0000000008000390                __aeabi_uldivmod
 .text          0x00000000080003c0      0x2c8 D:/Program Files/STM32CubeIDE_1.14.0/STM32CubeIDE/plugins/com.st.stm32cube.ide.mcu.externaltools.gnu-tools-for-stm32.11.3.rel1.win32_1.1.100.202309141235/tools/bin/../lib/gcc/arm-none-eabi/11.3.1/thumb/v7e-m+dp/hard\libgcc.a(_udivmoddi4.o)
                0x00000000080003c0                __udivmoddi4
 .text          0x0000000008000688        0x4 D:/Program Files/STM32CubeIDE_1.14.0/STM32CubeIDE/plugins/com.st.stm32cube.ide.mcu.externaltools.gnu-tools-for-stm32.11.3.rel1.win32_1.1.100.202309141235/tools/bin/../lib/gcc/arm-none-eabi/11.3.1/thumb/v7e-m+dp/hard\libgcc.a(_dvmd_tls.o)
                0x0000000008000688                __aeabi_idiv0
                0x0000000008000688                __aeabi_ldiv0
 *(.text*)
 .text.main     0x000000000800068c      0x164 ./Core/Src/main.o
                0x000000000800068c                main
 .text.SystemClock_Config
                0x00000000080007f0      0x148 ./Core/Src/main.o
                0x00000000080007f0                SystemClock_Config
 .text.MX_CRC_Init
                0x0000000008000938       0x44 ./Core/Src/main.o
 .text.MX_USART1_UART_Init
                0x000000000800097c       0x98 ./Core/Src/main.o
 .text.MX_GPIO_Init
                0x0000000008000a14       0xc0 ./Core/Src/main.o
 .text.HAL_UART_RxCpltCallback
                0x0000000008000ad4       0x74 ./Core/Src/main.o
                0x0000000008000ad4                HAL_UART_RxCpltCallback
 .text.Uart_send
                0x0000000008000b48       0x2c ./Core/Src/main.o
                0x0000000008000b48                Uart_send
 .text.AI_Init  0x0000000008000b74       0x78 ./Core/Src/main.o
 .text.AI_Run   0x0000000008000bec      0x130 ./Core/Src/main.o
 .text.PictureCharArrayToFloat
                0x0000000008000d1c       0x4a ./Core/Src/main.o
                0x0000000008000d1c                PictureCharArrayToFloat
 .text.Error_Handler
                0x0000000008000d66        0xa ./Core/Src/main.o
                0x0000000008000d66                Error_Handler
 .text.HAL_MspInit
                0x0000000008000d70       0x34 ./Core/Src/stm32h7xx_hal_msp.o
                0x0000000008000d70                HAL_MspInit
 .text.HAL_CRC_MspInit
                0x0000000008000da4       0x44 ./Core/Src/stm32h7xx_hal_msp.o
                0x0000000008000da4                HAL_CRC_MspInit
 .text.HAL_UART_MspInit
                0x0000000008000de8       0xe4 ./Core/Src/stm32h7xx_hal_msp.o
                0x0000000008000de8                HAL_UART_MspInit
 .text.NMI_Handler
                0x0000000008000ecc        0x6 ./Core/Src/stm32h7xx_it.o
                0x0000000008000ecc                NMI_Handler
 .text.HardFault_Handler
                0x0000000008000ed2        0x6 ./Core/Src/stm32h7xx_it.o
                0x0000000008000ed2                HardFault_Handler
 .text.MemManage_Handler
                0x0000000008000ed8        0x6 ./Core/Src/stm32h7xx_it.o
                0x0000000008000ed8                MemManage_Handler
 .text.BusFault_Handler
                0x0000000008000ede        0x6 ./Core/Src/stm32h7xx_it.o
                0x0000000008000ede                BusFault_Handler
 .text.UsageFault_Handler
                0x0000000008000ee4        0x6 ./Core/Src/stm32h7xx_it.o
                0x0000000008000ee4                UsageFault_Handler
 .text.SVC_Handler
                0x0000000008000eea        0xe ./Core/Src/stm32h7xx_it.o
                0x0000000008000eea                SVC_Handler
 .text.DebugMon_Handler
                0x0000000008000ef8        0xe ./Core/Src/stm32h7xx_it.o
                0x0000000008000ef8                DebugMon_Handler
 .text.PendSV_Handler
                0x0000000008000f06        0xe ./Core/Src/stm32h7xx_it.o
                0x0000000008000f06                PendSV_Handler
 .text.SysTick_Handler
                0x0000000008000f14        0xc ./Core/Src/stm32h7xx_it.o
                0x0000000008000f14                SysTick_Handler
 .text.USART1_IRQHandler
                0x0000000008000f20       0x14 ./Core/Src/stm32h7xx_it.o
                0x0000000008000f20                USART1_IRQHandler
 .text._sbrk    0x0000000008000f34       0x6c ./Core/Src/sysmem.o
                0x0000000008000f34                _sbrk
 .text.SystemInit
                0x0000000008000fa0      0x110 ./Core/Src/system_stm32h7xx.o
                0x0000000008000fa0                SystemInit
 .text.Reset_Handler
                0x00000000080010b0       0x50 ./Core/Startup/startup_stm32h743iitx.o
                0x00000000080010b0                Reset_Handler
 .text.Default_Handler
                0x0000000008001100        0x2 ./Core/Startup/startup_stm32h743iitx.o
                0x0000000008001100                RTC_Alarm_IRQHandler
                0x0000000008001100                EXTI2_IRQHandler
                0x0000000008001100                TIM8_CC_IRQHandler
                0x0000000008001100                HRTIM1_Master_IRQHandler
                0x0000000008001100                UART8_IRQHandler
                0x0000000008001100                SPI4_IRQHandler
                0x0000000008001100                TIM1_CC_IRQHandler
                0x0000000008001100                BDMA_Channel6_IRQHandler
                0x0000000008001100                DMA2_Stream5_IRQHandler
                0x0000000008001100                HRTIM1_FLT_IRQHandler
                0x0000000008001100                JPEG_IRQHandler
                0x0000000008001100                DMA1_Stream5_IRQHandler
                0x0000000008001100                BDMA_Channel1_IRQHandler
                0x0000000008001100                HRTIM1_TIMD_IRQHandler
                0x0000000008001100                TAMP_STAMP_IRQHandler
                0x0000000008001100                EXTI3_IRQHandler
                0x0000000008001100                LPTIM4_IRQHandler
                0x0000000008001100                TIM8_TRG_COM_TIM14_IRQHandler
                0x0000000008001100                LPTIM2_IRQHandler
                0x0000000008001100                DFSDM1_FLT1_IRQHandler
                0x0000000008001100                DMAMUX2_OVR_IRQHandler
                0x0000000008001100                TIM8_UP_TIM13_IRQHandler
                0x0000000008001100                I2C3_ER_IRQHandler
                0x0000000008001100                DFSDM1_FLT2_IRQHandler
                0x0000000008001100                MDMA_IRQHandler
                0x0000000008001100                LPTIM3_IRQHandler
                0x0000000008001100                HSEM1_IRQHandler
                0x0000000008001100                EXTI0_IRQHandler
                0x0000000008001100                I2C2_EV_IRQHandler
                0x0000000008001100                DMA1_Stream2_IRQHandler
                0x0000000008001100                FPU_IRQHandler
                0x0000000008001100                OTG_HS_WKUP_IRQHandler
                0x0000000008001100                FDCAN1_IT1_IRQHandler
                0x0000000008001100                LTDC_ER_IRQHandler
                0x0000000008001100                DMA2_Stream2_IRQHandler
                0x0000000008001100                HRTIM1_TIME_IRQHandler
                0x0000000008001100                SPI1_IRQHandler
                0x0000000008001100                TIM6_DAC_IRQHandler
                0x0000000008001100                DCMI_IRQHandler
                0x0000000008001100                HRTIM1_TIMC_IRQHandler
                0x0000000008001100                DMA2_Stream3_IRQHandler
                0x0000000008001100                SAI2_IRQHandler
                0x0000000008001100                DFSDM1_FLT3_IRQHandler
                0x0000000008001100                USART6_IRQHandler
                0x0000000008001100                TIM17_IRQHandler
                0x0000000008001100                USART3_IRQHandler
                0x0000000008001100                BDMA_Channel7_IRQHandler
                0x0000000008001100                LPTIM5_IRQHandler
                0x0000000008001100                UART5_IRQHandler
                0x0000000008001100                ADC3_IRQHandler
                0x0000000008001100                DMA2_Stream0_IRQHandler
                0x0000000008001100                TIM4_IRQHandler
                0x0000000008001100                BDMA_Channel2_IRQHandler
                0x0000000008001100                QUADSPI_IRQHandler
                0x0000000008001100                I2C1_EV_IRQHandler
                0x0000000008001100                DMA1_Stream6_IRQHandler
                0x0000000008001100                DMAMUX1_OVR_IRQHandler
                0x0000000008001100                DMA1_Stream1_IRQHandler
                0x0000000008001100                TIM16_IRQHandler
                0x0000000008001100                UART4_IRQHandler
                0x0000000008001100                BDMA_Channel5_IRQHandler
                0x0000000008001100                TIM3_IRQHandler
                0x0000000008001100                RCC_IRQHandler
                0x0000000008001100                TIM8_BRK_TIM12_IRQHandler
                0x0000000008001100                TIM1_TRG_COM_IRQHandler
                0x0000000008001100                Default_Handler
                0x0000000008001100                ECC_IRQHandler
                0x0000000008001100                CEC_IRQHandler
                0x0000000008001100                EXTI15_10_IRQHandler
                0x0000000008001100                BDMA_Channel0_IRQHandler
                0x0000000008001100                ADC_IRQHandler
                0x0000000008001100                DMA1_Stream7_IRQHandler
                0x0000000008001100                HRTIM1_TIMA_IRQHandler
                0x0000000008001100                SPI5_IRQHandler
                0x0000000008001100                TIM7_IRQHandler
                0x0000000008001100                SDMMC1_IRQHandler
                0x0000000008001100                TIM5_IRQHandler
                0x0000000008001100                DMA2_Stream7_IRQHandler
                0x0000000008001100                TIM15_IRQHandler
                0x0000000008001100                PVD_AVD_IRQHandler
                0x0000000008001100                I2C3_EV_IRQHandler
                0x0000000008001100                EXTI9_5_IRQHandler
                0x0000000008001100                RTC_WKUP_IRQHandler
                0x0000000008001100                LTDC_IRQHandler
                0x0000000008001100                SAI3_IRQHandler
                0x0000000008001100                ETH_WKUP_IRQHandler
                0x0000000008001100                SPDIF_RX_IRQHandler
                0x0000000008001100                SPI2_IRQHandler
                0x0000000008001100                OTG_HS_EP1_IN_IRQHandler
                0x0000000008001100                DMA1_Stream0_IRQHandler
                0x0000000008001100                CRS_IRQHandler
                0x0000000008001100                EXTI4_IRQHandler
                0x0000000008001100                RNG_IRQHandler
                0x0000000008001100                HRTIM1_TIMB_IRQHandler
                0x0000000008001100                FDCAN2_IT1_IRQHandler
                0x0000000008001100                ETH_IRQHandler
                0x0000000008001100                TIM1_UP_IRQHandler
                0x0000000008001100                BDMA_Channel4_IRQHandler
                0x0000000008001100                OTG_HS_EP1_OUT_IRQHandler
                0x0000000008001100                WWDG_IRQHandler
                0x0000000008001100                SPI6_IRQHandler
                0x0000000008001100                MDIOS_IRQHandler
                0x0000000008001100                I2C4_EV_IRQHandler
                0x0000000008001100                FDCAN2_IT0_IRQHandler
                0x0000000008001100                LPUART1_IRQHandler
                0x0000000008001100                FDCAN1_IT0_IRQHandler
                0x0000000008001100                TIM2_IRQHandler
                0x0000000008001100                OTG_FS_WKUP_IRQHandler
                0x0000000008001100                OTG_HS_IRQHandler
                0x0000000008001100                DMA2D_IRQHandler
                0x0000000008001100                TIM1_BRK_IRQHandler
                0x0000000008001100                EXTI1_IRQHandler
                0x0000000008001100                SDMMC2_IRQHandler
                0x0000000008001100                OTG_FS_EP1_OUT_IRQHandler
                0x0000000008001100                BDMA_Channel3_IRQHandler
                0x0000000008001100                UART7_IRQHandler
                0x0000000008001100                MDIOS_WKUP_IRQHandler
                0x0000000008001100                USART2_IRQHandler
                0x0000000008001100                DFSDM1_FLT0_IRQHandler
                0x0000000008001100                SAI4_IRQHandler
                0x0000000008001100                I2C2_ER_IRQHandler
                0x0000000008001100                DMA2_Stream1_IRQHandler
                0x0000000008001100                FLASH_IRQHandler
                0x0000000008001100                DMA2_Stream4_IRQHandler
                0x0000000008001100                OTG_FS_IRQHandler
                0x0000000008001100                SPI3_IRQHandler
                0x0000000008001100                WAKEUP_PIN_IRQHandler
                0x0000000008001100                DMA1_Stream4_IRQHandler
                0x0000000008001100                OTG_FS_EP1_IN_IRQHandler
                0x0000000008001100                I2C1_ER_IRQHandler
                0x0000000008001100                FMC_IRQHandler
                0x0000000008001100                FDCAN_CAL_IRQHandler
                0x0000000008001100                SWPMI1_IRQHandler
                0x0000000008001100                COMP1_IRQHandler
                0x0000000008001100                LPTIM1_IRQHandler
                0x0000000008001100                I2C4_ER_IRQHandler
                0x0000000008001100                DMA2_Stream6_IRQHandler
                0x0000000008001100                SAI1_IRQHandler
                0x0000000008001100                DMA1_Stream3_IRQHandler
 *fill*         0x0000000008001102        0x2 
 .text.HAL_Init
                0x0000000008001104       0x78 ./Drivers/STM32H7xx_HAL_Driver/Src/stm32h7xx_hal.o
                0x0000000008001104                HAL_Init
 .text.HAL_InitTick
                0x000000000800117c       0x6c ./Drivers/STM32H7xx_HAL_Driver/Src/stm32h7xx_hal.o
                0x000000000800117c                HAL_InitTick
 .text.HAL_IncTick
                0x00000000080011e8       0x28 ./Drivers/STM32H7xx_HAL_Driver/Src/stm32h7xx_hal.o
                0x00000000080011e8                HAL_IncTick
 .text.HAL_GetTick
                0x0000000008001210       0x18 ./Drivers/STM32H7xx_HAL_Driver/Src/stm32h7xx_hal.o
                0x0000000008001210                HAL_GetTick
 .text.HAL_GetREVID
                0x0000000008001228       0x18 ./Drivers/STM32H7xx_HAL_Driver/Src/stm32h7xx_hal.o
                0x0000000008001228                HAL_GetREVID
 .text.__NVIC_SetPriorityGrouping
                0x0000000008001240       0x48 ./Drivers/STM32H7xx_HAL_Driver/Src/stm32h7xx_hal_cortex.o
 .text.__NVIC_GetPriorityGrouping
                0x0000000008001288       0x1c ./Drivers/STM32H7xx_HAL_Driver/Src/stm32h7xx_hal_cortex.o
 .text.__NVIC_EnableIRQ
                0x00000000080012a4       0x3c ./Drivers/STM32H7xx_HAL_Driver/Src/stm32h7xx_hal_cortex.o
 .text.__NVIC_SetPriority
                0x00000000080012e0       0x54 ./Drivers/STM32H7xx_HAL_Driver/Src/stm32h7xx_hal_cortex.o
 .text.NVIC_EncodePriority
                0x0000000008001334       0x66 ./Drivers/STM32H7xx_HAL_Driver/Src/stm32h7xx_hal_cortex.o
 *fill*         0x000000000800139a        0x2 
 .text.SysTick_Config
                0x000000000800139c       0x44 ./Drivers/STM32H7xx_HAL_Driver/Src/stm32h7xx_hal_cortex.o
 .text.HAL_NVIC_SetPriorityGrouping
                0x00000000080013e0       0x16 ./Drivers/STM32H7xx_HAL_Driver/Src/stm32h7xx_hal_cortex.o
                0x00000000080013e0                HAL_NVIC_SetPriorityGrouping
 .text.HAL_NVIC_SetPriority
                0x00000000080013f6       0x34 ./Drivers/STM32H7xx_HAL_Driver/Src/stm32h7xx_hal_cortex.o
                0x00000000080013f6                HAL_NVIC_SetPriority
 .text.HAL_NVIC_EnableIRQ
                0x000000000800142a       0x1c ./Drivers/STM32H7xx_HAL_Driver/Src/stm32h7xx_hal_cortex.o
                0x000000000800142a                HAL_NVIC_EnableIRQ
 .text.HAL_SYSTICK_Config
                0x0000000008001446       0x18 ./Drivers/STM32H7xx_HAL_Driver/Src/stm32h7xx_hal_cortex.o
                0x0000000008001446                HAL_SYSTICK_Config
 *fill*         0x000000000800145e        0x2 
 .text.HAL_CRC_Init
                0x0000000008001460       0xc8 ./Drivers/STM32H7xx_HAL_Driver/Src/stm32h7xx_hal_crc.o
                0x0000000008001460                HAL_CRC_Init
 .text.HAL_CRCEx_Polynomial_Set
                0x0000000008001528      0x11c ./Drivers/STM32H7xx_HAL_Driver/Src/stm32h7xx_hal_crc_ex.o
                0x0000000008001528                HAL_CRCEx_Polynomial_Set
 .text.HAL_DMA_Abort
                0x0000000008001644      0x63c ./Drivers/STM32H7xx_HAL_Driver/Src/stm32h7xx_hal_dma.o
                0x0000000008001644                HAL_DMA_Abort
 .text.HAL_DMA_Abort_IT
                0x0000000008001c80      0x48c ./Drivers/STM32H7xx_HAL_Driver/Src/stm32h7xx_hal_dma.o
                0x0000000008001c80                HAL_DMA_Abort_IT
 .text.HAL_GPIO_Init
                0x000000000800210c      0x360 ./Drivers/STM32H7xx_HAL_Driver/Src/stm32h7xx_hal_gpio.o
                0x000000000800210c                HAL_GPIO_Init
 .text.HAL_PWREx_ConfigSupply
                0x000000000800246c       0x74 ./Drivers/STM32H7xx_HAL_Driver/Src/stm32h7xx_hal_pwr_ex.o
                0x000000000800246c                HAL_PWREx_ConfigSupply
 .text.HAL_RCC_OscConfig
                0x00000000080024e0      0x8b4 ./Drivers/STM32H7xx_HAL_Driver/Src/stm32h7xx_hal_rcc.o
                0x00000000080024e0                HAL_RCC_OscConfig
 .text.HAL_RCC_ClockConfig
                0x0000000008002d94      0x36c ./Drivers/STM32H7xx_HAL_Driver/Src/stm32h7xx_hal_rcc.o
                0x0000000008002d94                HAL_RCC_ClockConfig
 .text.HAL_RCC_MCOConfig
                0x0000000008003100       0xd4 ./Drivers/STM32H7xx_HAL_Driver/Src/stm32h7xx_hal_rcc.o
                0x0000000008003100                HAL_RCC_MCOConfig
 .text.HAL_RCC_GetSysClockFreq
                0x00000000080031d4      0x2f4 ./Drivers/STM32H7xx_HAL_Driver/Src/stm32h7xx_hal_rcc.o
                0x00000000080031d4                HAL_RCC_GetSysClockFreq
 .text.HAL_RCC_GetHCLKFreq
                0x00000000080034c8       0x60 ./Drivers/STM32H7xx_HAL_Driver/Src/stm32h7xx_hal_rcc.o
                0x00000000080034c8                HAL_RCC_GetHCLKFreq
 .text.HAL_RCC_GetPCLK1Freq
                0x0000000008003528       0x2c ./Drivers/STM32H7xx_HAL_Driver/Src/stm32h7xx_hal_rcc.o
                0x0000000008003528                HAL_RCC_GetPCLK1Freq
 .text.HAL_RCC_GetPCLK2Freq
                0x0000000008003554       0x2c ./Drivers/STM32H7xx_HAL_Driver/Src/stm32h7xx_hal_rcc.o
                0x0000000008003554                HAL_RCC_GetPCLK2Freq
 .text.HAL_RCCEx_PeriphCLKConfig
                0x0000000008003580     0x1414 ./Drivers/STM32H7xx_HAL_Driver/Src/stm32h7xx_hal_rcc_ex.o
                0x0000000008003580                HAL_RCCEx_PeriphCLKConfig
 .text.HAL_RCCEx_GetD3PCLK1Freq
                0x0000000008004994       0x2c ./Drivers/STM32H7xx_HAL_Driver/Src/stm32h7xx_hal_rcc_ex.o
                0x0000000008004994                HAL_RCCEx_GetD3PCLK1Freq
 .text.HAL_RCCEx_GetPLL2ClockFreq
                0x00000000080049c0      0x2a8 ./Drivers/STM32H7xx_HAL_Driver/Src/stm32h7xx_hal_rcc_ex.o
                0x00000000080049c0                HAL_RCCEx_GetPLL2ClockFreq
 .text.HAL_RCCEx_GetPLL3ClockFreq
                0x0000000008004c68      0x2a8 ./Drivers/STM32H7xx_HAL_Driver/Src/stm32h7xx_hal_rcc_ex.o
                0x0000000008004c68                HAL_RCCEx_GetPLL3ClockFreq
 .text.RCCEx_PLL2_Config
                0x0000000008004f10      0x164 ./Drivers/STM32H7xx_HAL_Driver/Src/stm32h7xx_hal_rcc_ex.o
 .text.RCCEx_PLL3_Config
                0x0000000008005074      0x164 ./Drivers/STM32H7xx_HAL_Driver/Src/stm32h7xx_hal_rcc_ex.o
 .text.HAL_UART_Init
                0x00000000080051d8       0xa0 ./Drivers/STM32H7xx_HAL_Driver/Src/stm32h7xx_hal_uart.o
                0x00000000080051d8                HAL_UART_Init
 .text.HAL_UART_Transmit
                0x0000000008005278      0x11c ./Drivers/STM32H7xx_HAL_Driver/Src/stm32h7xx_hal_uart.o
                0x0000000008005278                HAL_UART_Transmit
 .text.HAL_UART_Receive_IT
                0x0000000008005394       0x98 ./Drivers/STM32H7xx_HAL_Driver/Src/stm32h7xx_hal_uart.o
                0x0000000008005394                HAL_UART_Receive_IT
 .text.HAL_UART_IRQHandler
                0x000000000800542c      0x774 ./Drivers/STM32H7xx_HAL_Driver/Src/stm32h7xx_hal_uart.o
                0x000000000800542c                HAL_UART_IRQHandler
 .text.HAL_UART_TxCpltCallback
                0x0000000008005ba0       0x14 ./Drivers/STM32H7xx_HAL_Driver/Src/stm32h7xx_hal_uart.o
                0x0000000008005ba0                HAL_UART_TxCpltCallback
 .text.HAL_UART_ErrorCallback
                0x0000000008005bb4       0x14 ./Drivers/STM32H7xx_HAL_Driver/Src/stm32h7xx_hal_uart.o
                0x0000000008005bb4                HAL_UART_ErrorCallback
 .text.HAL_UARTEx_RxEventCallback
                0x0000000008005bc8       0x18 ./Drivers/STM32H7xx_HAL_Driver/Src/stm32h7xx_hal_uart.o
                0x0000000008005bc8                HAL_UARTEx_RxEventCallback
 .text.UART_SetConfig
                0x0000000008005be0      0xad0 ./Drivers/STM32H7xx_HAL_Driver/Src/stm32h7xx_hal_uart.o
                0x0000000008005be0                UART_SetConfig
 .text.UART_AdvFeatureConfig
                0x00000000080066b0      0x144 ./Drivers/STM32H7xx_HAL_Driver/Src/stm32h7xx_hal_uart.o
                0x00000000080066b0                UART_AdvFeatureConfig
 .text.UART_CheckIdleState
                0x00000000080067f4      0x154 ./Drivers/STM32H7xx_HAL_Driver/Src/stm32h7xx_hal_uart.o
                0x00000000080067f4                UART_CheckIdleState
 .text.UART_WaitOnFlagUntilTimeout
                0x0000000008006948       0xda ./Drivers/STM32H7xx_HAL_Driver/Src/stm32h7xx_hal_uart.o
                0x0000000008006948                UART_WaitOnFlagUntilTimeout
 *fill*         0x0000000008006a22        0x2 
 .text.UART_Start_Receive_IT
                0x0000000008006a24      0x244 ./Drivers/STM32H7xx_HAL_Driver/Src/stm32h7xx_hal_uart.o
                0x0000000008006a24                UART_Start_Receive_IT
 .text.UART_EndRxTransfer
                0x0000000008006c68       0xcc ./Drivers/STM32H7xx_HAL_Driver/Src/stm32h7xx_hal_uart.o
 .text.UART_DMAAbortOnError
                0x0000000008006d34       0x2c ./Drivers/STM32H7xx_HAL_Driver/Src/stm32h7xx_hal_uart.o
 .text.UART_EndTransmit_IT
                0x0000000008006d60       0x56 ./Drivers/STM32H7xx_HAL_Driver/Src/stm32h7xx_hal_uart.o
 *fill*         0x0000000008006db6        0x2 
 .text.UART_RxISR_8BIT
                0x0000000008006db8      0x1b8 ./Drivers/STM32H7xx_HAL_Driver/Src/stm32h7xx_hal_uart.o
 .text.UART_RxISR_16BIT
                0x0000000008006f70      0x1b8 ./Drivers/STM32H7xx_HAL_Driver/Src/stm32h7xx_hal_uart.o
 .text.UART_RxISR_8BIT_FIFOEN
                0x0000000008007128      0x360 ./Drivers/STM32H7xx_HAL_Driver/Src/stm32h7xx_hal_uart.o
 .text.UART_RxISR_16BIT_FIFOEN
                0x0000000008007488      0x368 ./Drivers/STM32H7xx_HAL_Driver/Src/stm32h7xx_hal_uart.o
 .text.HAL_UARTEx_WakeupCallback
                0x00000000080077f0       0x14 ./Drivers/STM32H7xx_HAL_Driver/Src/stm32h7xx_hal_uart_ex.o
                0x00000000080077f0                HAL_UARTEx_WakeupCallback
 .text.HAL_UARTEx_RxFifoFullCallback
                0x0000000008007804       0x14 ./Drivers/STM32H7xx_HAL_Driver/Src/stm32h7xx_hal_uart_ex.o
                0x0000000008007804                HAL_UARTEx_RxFifoFullCallback
 .text.HAL_UARTEx_TxFifoEmptyCallback
                0x0000000008007818       0x14 ./Drivers/STM32H7xx_HAL_Driver/Src/stm32h7xx_hal_uart_ex.o
                0x0000000008007818                HAL_UARTEx_TxFifoEmptyCallback
 .text.HAL_UARTEx_DisableFifoMode
                0x000000000800782c       0x72 ./Drivers/STM32H7xx_HAL_Driver/Src/stm32h7xx_hal_uart_ex.o
                0x000000000800782c                HAL_UARTEx_DisableFifoMode
 .text.HAL_UARTEx_SetTxFifoThreshold
                0x000000000800789e       0x7c ./Drivers/STM32H7xx_HAL_Driver/Src/stm32h7xx_hal_uart_ex.o
                0x000000000800789e                HAL_UARTEx_SetTxFifoThreshold
 .text.HAL_UARTEx_SetRxFifoThreshold
                0x000000000800791a       0x7c ./Drivers/STM32H7xx_HAL_Driver/Src/stm32h7xx_hal_uart_ex.o
                0x000000000800791a                HAL_UARTEx_SetRxFifoThreshold
 *fill*         0x0000000008007996        0x2 
 .text.UARTEx_SetNbDataToProcess
                0x0000000008007998       0x9c ./Drivers/STM32H7xx_HAL_Driver/Src/stm32h7xx_hal_uart_ex.o
 .text.network_configure_activations
                0x0000000008007a34       0xb0 ./X-CUBE-AI/App/network.o
 .text.network_configure_weights
                0x0000000008007ae4      0x130 ./X-CUBE-AI/App/network.o
 .text.ai_network_get_error
                0x0000000008007c14       0x18 ./X-CUBE-AI/App/network.o
                0x0000000008007c14                ai_network_get_error
 .text.ai_network_create
                0x0000000008007c2c       0x2c ./X-CUBE-AI/App/network.o
                0x0000000008007c2c                ai_network_create
 .text.ai_network_create_and_init
                0x0000000008007c58       0xe8 ./X-CUBE-AI/App/network.o
                0x0000000008007c58                ai_network_create_and_init
 .text.ai_network_inputs_get
                0x0000000008007d40       0x34 ./X-CUBE-AI/App/network.o
                0x0000000008007d40                ai_network_inputs_get
 .text.ai_network_outputs_get
                0x0000000008007d74       0x34 ./X-CUBE-AI/App/network.o
                0x0000000008007d74                ai_network_outputs_get
 .text.ai_network_init
                0x0000000008007da8       0x78 ./X-CUBE-AI/App/network.o
                0x0000000008007da8                ai_network_init
 .text.ai_network_run
                0x0000000008007e20       0x20 ./X-CUBE-AI/App/network.o
                0x0000000008007e20                ai_network_run
 .text.ai_network_data_params_get
                0x0000000008007e40       0x50 ./X-CUBE-AI/App/network_data.o
                0x0000000008007e40                ai_network_data_params_get
 .text.ai_buffer_get_size
                0x0000000008007e90       0x68 ../Middlewares/ST/AI/Lib\NetworkRuntime810_CM7_GCC.a(ai_platform.o)
                0x0000000008007e90                ai_buffer_get_size
 .text.ai_buffer_array_sane
                0x0000000008007ef8       0x14 ../Middlewares/ST/AI/Lib\NetworkRuntime810_CM7_GCC.a(ai_platform.o)
                0x0000000008007ef8                ai_buffer_array_sane
 .text.ai_buffer_array_item_set_address
                0x0000000008007f0c       0x20 ../Middlewares/ST/AI/Lib\NetworkRuntime810_CM7_GCC.a(ai_platform.o)
                0x0000000008007f0c                ai_buffer_array_item_set_address
 .text._ai_platform_acquire_crc
                0x0000000008007f2c        0x4 ../Middlewares/ST/AI/Lib\NetworkRuntime810_CM7_GCC.a(ai_platform_interface.o)
                0x0000000008007f2c                _ai_platform_acquire_crc
 .text._ai_platform_release_crc
                0x0000000008007f30        0x4 ../Middlewares/ST/AI/Lib\NetworkRuntime810_CM7_GCC.a(ai_platform_interface.o)
                0x0000000008007f30                _ai_platform_release_crc
 .text.ai_platform_get_weights_map
                0x0000000008007f34       0xb0 ../Middlewares/ST/AI/Lib\NetworkRuntime810_CM7_GCC.a(ai_platform_interface.o)
                0x0000000008007f34                ai_platform_get_weights_map
 .text.ai_platform_get_activations_map
                0x0000000008007fe4       0xb0 ../Middlewares/ST/AI/Lib\NetworkRuntime810_CM7_GCC.a(ai_platform_interface.o)
                0x0000000008007fe4                ai_platform_get_activations_map
 .text.ai_platform_bind_network_params
                0x0000000008008094       0x34 ../Middlewares/ST/AI/Lib\NetworkRuntime810_CM7_GCC.a(ai_platform_interface.o)
                0x0000000008008094                ai_platform_bind_network_params
 .text.ai_platform_network_get_error
                0x00000000080080c8      0x218 ../Middlewares/ST/AI/Lib\NetworkRuntime810_CM7_GCC.a(ai_platform_interface.o)
                0x00000000080080c8                ai_platform_network_get_error
 .text.ai_platform_network_set_error
                0x00000000080082e0        0xc ../Middlewares/ST/AI/Lib\NetworkRuntime810_CM7_GCC.a(ai_platform_interface.o)
                0x00000000080082e0                ai_platform_network_set_error
 .text.ai_platform_inputs_get
                0x00000000080082ec      0x318 ../Middlewares/ST/AI/Lib\NetworkRuntime810_CM7_GCC.a(ai_platform_interface.o)
                0x00000000080082ec                ai_platform_inputs_get
 .text.ai_platform_outputs_get
                0x0000000008008604      0x310 ../Middlewares/ST/AI/Lib\NetworkRuntime810_CM7_GCC.a(ai_platform_interface.o)
                0x0000000008008604                ai_platform_outputs_get
 .text.ai_platform_network_create
                0x0000000008008914      0x3b4 ../Middlewares/ST/AI/Lib\NetworkRuntime810_CM7_GCC.a(ai_platform_interface.o)
                0x0000000008008914                ai_platform_network_create
 .text.ai_platform_network_init
                0x0000000008008cc8      0x338 ../Middlewares/ST/AI/Lib\NetworkRuntime810_CM7_GCC.a(ai_platform_interface.o)
                0x0000000008008cc8                ai_platform_network_init
 .text.ai_platform_network_post_init
                0x0000000008009000      0x254 ../Middlewares/ST/AI/Lib\NetworkRuntime810_CM7_GCC.a(ai_platform_interface.o)
                0x0000000008009000                ai_platform_network_post_init
 .text.ai_platform_network_process
                0x0000000008009254      0x5b8 ../Middlewares/ST/AI/Lib\NetworkRuntime810_CM7_GCC.a(ai_platform_interface.o)
                0x0000000008009254                ai_platform_network_process
 .text.core_init
                0x000000000800980c        0x4 ../Middlewares/ST/AI/Lib\NetworkRuntime810_CM7_GCC.a(core_common.o)
                0x000000000800980c                core_init
 .text.core_get_error
                0x0000000008009810        0xc ../Middlewares/ST/AI/Lib\NetworkRuntime810_CM7_GCC.a(core_common.o)
                0x0000000008009810                core_get_error
 .text.core_set_error
                0x000000000800981c       0x18 ../Middlewares/ST/AI/Lib\NetworkRuntime810_CM7_GCC.a(core_common.o)
                0x000000000800981c                core_set_error
 .text.ai_check_custom_types
                0x0000000008009834       0x50 ../Middlewares/ST/AI/Lib\NetworkRuntime810_CM7_GCC.a(layers.o)
                0x0000000008009834                ai_check_custom_types
 .text.ai_layers_init_all
                0x0000000008009884       0x1c ../Middlewares/ST/AI/Lib\NetworkRuntime810_CM7_GCC.a(layers.o)
                0x0000000008009884                ai_layers_init_all
 .text.ai_layers_post_init_all
                0x00000000080098a0       0x28 ../Middlewares/ST/AI/Lib\NetworkRuntime810_CM7_GCC.a(layers.o)
                0x00000000080098a0                ai_layers_post_init_all
 .text.ai_layers_forward_all
                0x00000000080098c8       0x90 ../Middlewares/ST/AI/Lib\NetworkRuntime810_CM7_GCC.a(layers.o)
                0x00000000080098c8                ai_layers_forward_all
 .text.forward_dense
                0x0000000008009958      0x840 ../Middlewares/ST/AI/Lib\NetworkRuntime810_CM7_GCC.a(layers_conv2d_generic_float.o)
                0x0000000008009958                forward_dense
 .text.nl_func_sigmoid_array_f32
                0x000000000800a198       0x50 ../Middlewares/ST/AI/Lib\NetworkRuntime810_CM7_GCC.a(layers_nl_generic_float.o)
                0x000000000800a198                nl_func_sigmoid_array_f32
 .text.nl_func_tanh_array_f32
                0x000000000800a1e8       0x38 ../Middlewares/ST/AI/Lib\NetworkRuntime810_CM7_GCC.a(layers_nl_generic_float.o)
                0x000000000800a1e8                nl_func_tanh_array_f32
 .text.forward_sm
                0x000000000800a220      0x114 ../Middlewares/ST/AI/Lib\NetworkRuntime810_CM7_GCC.a(layers_nl_generic_float.o)
                0x000000000800a220                forward_sm
 .text.array_f32_identity
                0x000000000800a334       0x14 ../Middlewares/ST/AI/Lib\NetworkRuntime810_CM7_GCC.a(layers_rnn_generic_float.o)
 .text.forward_lstm
                0x000000000800a348     0x1890 ../Middlewares/ST/AI/Lib\NetworkRuntime810_CM7_GCC.a(layers_rnn_generic_float.o)
                0x000000000800a348                forward_lstm
 .text.forward_lite_dense_if32of32wf32
                0x000000000800bbd8      0x250 ../Middlewares/ST/AI/Lib\NetworkRuntime810_CM7_GCC.a(lite_dense_if32.o)
                0x000000000800bbd8                forward_lite_dense_if32of32wf32
 .text.st_int8_fill
                0x000000000800be28       0xbc ../Middlewares/ST/AI/Lib\NetworkRuntime810_CM7_GCC.a(st_int8_fill.o)
                0x000000000800be28                st_int8_fill
 .text.st_int8_copy
                0x000000000800bee4      0x110 ../Middlewares/ST/AI/Lib\NetworkRuntime810_CM7_GCC.a(st_int8_fill.o)
                0x000000000800bee4                st_int8_copy
 .text.ai_array_to_buffer_fmt
                0x000000000800bff4       0xd8 ../Middlewares/ST/AI/Lib\NetworkRuntime810_CM7_GCC.a(ai_datatypes_format.o)
                0x000000000800bff4                ai_array_to_buffer_fmt
 .text.ai_array_get_byte_size
                0x000000000800c0cc       0x50 ../Middlewares/ST/AI/Lib\NetworkRuntime810_CM7_GCC.a(ai_datatypes_format.o)
                0x000000000800c0cc                ai_array_get_byte_size
 .text.ai_array_get_data_byte_size
                0x000000000800c11c       0x20 ../Middlewares/ST/AI/Lib\NetworkRuntime810_CM7_GCC.a(ai_datatypes_format.o)
                0x000000000800c11c                ai_array_get_data_byte_size
 .text.ai_version_get
                0x000000000800c13c        0xc ../Middlewares/ST/AI/Lib\NetworkRuntime810_CM7_GCC.a(ai_datatypes_internal.o)
                0x000000000800c13c                ai_version_get
 .text.get_tensor_byte_size
                0x000000000800c148       0x2c ../Middlewares/ST/AI/Lib\NetworkRuntime810_CM7_GCC.a(ai_datatypes_internal.o)
                0x000000000800c148                get_tensor_byte_size
 .text.malloc   0x000000000800c174       0x10 D:/Program Files/STM32CubeIDE_1.14.0/STM32CubeIDE/plugins/com.st.stm32cube.ide.mcu.externaltools.gnu-tools-for-stm32.11.3.rel1.win32_1.1.100.202309141235/tools/bin/../lib/gcc/arm-none-eabi/11.3.1/../../../../arm-none-eabi/lib/thumb/v7e-m+dp/hard\libc_nano.a(libc_a-malloc.o)
                0x000000000800c174                malloc
 .text.sbrk_aligned
                0x000000000800c184       0x40 D:/Program Files/STM32CubeIDE_1.14.0/STM32CubeIDE/plugins/com.st.stm32cube.ide.mcu.externaltools.gnu-tools-for-stm32.11.3.rel1.win32_1.1.100.202309141235/tools/bin/../lib/gcc/arm-none-eabi/11.3.1/../../../../arm-none-eabi/lib/thumb/v7e-m+dp/hard\libc_nano.a(libc_a-mallocr.o)
 .text._malloc_r
                0x000000000800c1c4      0x100 D:/Program Files/STM32CubeIDE_1.14.0/STM32CubeIDE/plugins/com.st.stm32cube.ide.mcu.externaltools.gnu-tools-for-stm32.11.3.rel1.win32_1.1.100.202309141235/tools/bin/../lib/gcc/arm-none-eabi/11.3.1/../../../../arm-none-eabi/lib/thumb/v7e-m+dp/hard\libc_nano.a(libc_a-mallocr.o)
                0x000000000800c1c4                _malloc_r
 .text.__malloc_lock
                0x000000000800c2c4        0xc D:/Program Files/STM32CubeIDE_1.14.0/STM32CubeIDE/plugins/com.st.stm32cube.ide.mcu.externaltools.gnu-tools-for-stm32.11.3.rel1.win32_1.1.100.202309141235/tools/bin/../lib/gcc/arm-none-eabi/11.3.1/../../../../arm-none-eabi/lib/thumb/v7e-m+dp/hard\libc_nano.a(libc_a-mlock.o)
                0x000000000800c2c4                __malloc_lock
 .text.__malloc_unlock
                0x000000000800c2d0        0xc D:/Program Files/STM32CubeIDE_1.14.0/STM32CubeIDE/plugins/com.st.stm32cube.ide.mcu.externaltools.gnu-tools-for-stm32.11.3.rel1.win32_1.1.100.202309141235/tools/bin/../lib/gcc/arm-none-eabi/11.3.1/../../../../arm-none-eabi/lib/thumb/v7e-m+dp/hard\libc_nano.a(libc_a-mlock.o)
                0x000000000800c2d0                __malloc_unlock
 .text._realloc_r
                0x000000000800c2dc       0x5e D:/Program Files/STM32CubeIDE_1.14.0/STM32CubeIDE/plugins/com.st.stm32cube.ide.mcu.externaltools.gnu-tools-for-stm32.11.3.rel1.win32_1.1.100.202309141235/tools/bin/../lib/gcc/arm-none-eabi/11.3.1/../../../../arm-none-eabi/lib/thumb/v7e-m+dp/hard\libc_nano.a(libc_a-reallocr.o)
                0x000000000800c2dc                _realloc_r
 .text.__cvt    0x000000000800c33a       0xa4 D:/Program Files/STM32CubeIDE_1.14.0/STM32CubeIDE/plugins/com.st.stm32cube.ide.mcu.externaltools.gnu-tools-for-stm32.11.3.rel1.win32_1.1.100.202309141235/tools/bin/../lib/gcc/arm-none-eabi/11.3.1/../../../../arm-none-eabi/lib/thumb/v7e-m+dp/hard\libc_nano.a(libc_a-nano-vfprintf_float.o)
                0x000000000800c33a                __cvt
 .text.__exponent
                0x000000000800c3de       0x7c D:/Program Files/STM32CubeIDE_1.14.0/STM32CubeIDE/plugins/com.st.stm32cube.ide.mcu.externaltools.gnu-tools-for-stm32.11.3.rel1.win32_1.1.100.202309141235/tools/bin/../lib/gcc/arm-none-eabi/11.3.1/../../../../arm-none-eabi/lib/thumb/v7e-m+dp/hard\libc_nano.a(libc_a-nano-vfprintf_float.o)
                0x000000000800c3de                __exponent
 *fill*         0x000000000800c45a        0x6 
 .text._printf_float
                0x000000000800c460      0x434 D:/Program Files/STM32CubeIDE_1.14.0/STM32CubeIDE/plugins/com.st.stm32cube.ide.mcu.externaltools.gnu-tools-for-stm32.11.3.rel1.win32_1.1.100.202309141235/tools/bin/../lib/gcc/arm-none-eabi/11.3.1/../../../../arm-none-eabi/lib/thumb/v7e-m+dp/hard\libc_nano.a(libc_a-nano-vfprintf_float.o)
                0x000000000800c460                _printf_float
 .text._printf_common
                0x000000000800c894       0xda D:/Program Files/STM32CubeIDE_1.14.0/STM32CubeIDE/plugins/com.st.stm32cube.ide.mcu.externaltools.gnu-tools-for-stm32.11.3.rel1.win32_1.1.100.202309141235/tools/bin/../lib/gcc/arm-none-eabi/11.3.1/../../../../arm-none-eabi/lib/thumb/v7e-m+dp/hard\libc_nano.a(libc_a-nano-vfprintf_i.o)
                0x000000000800c894                _printf_common
 *fill*         0x000000000800c96e        0x2 
 .text._printf_i
                0x000000000800c970      0x244 D:/Program Files/STM32CubeIDE_1.14.0/STM32CubeIDE/plugins/com.st.stm32cube.ide.mcu.externaltools.gnu-tools-for-stm32.11.3.rel1.win32_1.1.100.202309141235/tools/bin/../lib/gcc/arm-none-eabi/11.3.1/../../../../arm-none-eabi/lib/thumb/v7e-m+dp/hard\libc_nano.a(libc_a-nano-vfprintf_i.o)
                0x000000000800c970                _printf_i
 .text.std      0x000000000800cbb4       0x6c D:/Program Files/STM32CubeIDE_1.14.0/STM32CubeIDE/plugins/com.st.stm32cube.ide.mcu.externaltools.gnu-tools-for-stm32.11.3.rel1.win32_1.1.100.202309141235/tools/bin/../lib/gcc/arm-none-eabi/11.3.1/../../../../arm-none-eabi/lib/thumb/v7e-m+dp/hard\libc_nano.a(libc_a-findfp.o)
 .text.stdio_exit_handler
                0x000000000800cc20       0x18 D:/Program Files/STM32CubeIDE_1.14.0/STM32CubeIDE/plugins/com.st.stm32cube.ide.mcu.externaltools.gnu-tools-for-stm32.11.3.rel1.win32_1.1.100.202309141235/tools/bin/../lib/gcc/arm-none-eabi/11.3.1/../../../../arm-none-eabi/lib/thumb/v7e-m+dp/hard\libc_nano.a(libc_a-findfp.o)
 .text.cleanup_stdio
                0x000000000800cc38       0x40 D:/Program Files/STM32CubeIDE_1.14.0/STM32CubeIDE/plugins/com.st.stm32cube.ide.mcu.externaltools.gnu-tools-for-stm32.11.3.rel1.win32_1.1.100.202309141235/tools/bin/../lib/gcc/arm-none-eabi/11.3.1/../../../../arm-none-eabi/lib/thumb/v7e-m+dp/hard\libc_nano.a(libc_a-findfp.o)
 .text.global_stdio_init.part.0
                0x000000000800cc78       0x3c D:/Program Files/STM32CubeIDE_1.14.0/STM32CubeIDE/plugins/com.st.stm32cube.ide.mcu.externaltools.gnu-tools-for-stm32.11.3.rel1.win32_1.1.100.202309141235/tools/bin/../lib/gcc/arm-none-eabi/11.3.1/../../../../arm-none-eabi/lib/thumb/v7e-m+dp/hard\libc_nano.a(libc_a-findfp.o)
 .text.__sfp_lock_acquire
                0x000000000800ccb4        0xc D:/Program Files/STM32CubeIDE_1.14.0/STM32CubeIDE/plugins/com.st.stm32cube.ide.mcu.externaltools.gnu-tools-for-stm32.11.3.rel1.win32_1.1.100.202309141235/tools/bin/../lib/gcc/arm-none-eabi/11.3.1/../../../../arm-none-eabi/lib/thumb/v7e-m+dp/hard\libc_nano.a(libc_a-findfp.o)
                0x000000000800ccb4                __sfp_lock_acquire
 .text.__sfp_lock_release
                0x000000000800ccc0        0xc D:/Program Files/STM32CubeIDE_1.14.0/STM32CubeIDE/plugins/com.st.stm32cube.ide.mcu.externaltools.gnu-tools-for-stm32.11.3.rel1.win32_1.1.100.202309141235/tools/bin/../lib/gcc/arm-none-eabi/11.3.1/../../../../arm-none-eabi/lib/thumb/v7e-m+dp/hard\libc_nano.a(libc_a-findfp.o)
                0x000000000800ccc0                __sfp_lock_release
 .text.__sinit  0x000000000800cccc       0x30 D:/Program Files/STM32CubeIDE_1.14.0/STM32CubeIDE/plugins/com.st.stm32cube.ide.mcu.externaltools.gnu-tools-for-stm32.11.3.rel1.win32_1.1.100.202309141235/tools/bin/../lib/gcc/arm-none-eabi/11.3.1/../../../../arm-none-eabi/lib/thumb/v7e-m+dp/hard\libc_nano.a(libc_a-findfp.o)
                0x000000000800cccc                __sinit
 .text._fwalk_sglue
                0x000000000800ccfc       0x3c D:/Program Files/STM32CubeIDE_1.14.0/STM32CubeIDE/plugins/com.st.stm32cube.ide.mcu.externaltools.gnu-tools-for-stm32.11.3.rel1.win32_1.1.100.202309141235/tools/bin/../lib/gcc/arm-none-eabi/11.3.1/../../../../arm-none-eabi/lib/thumb/v7e-m+dp/hard\libc_nano.a(libc_a-fwalk.o)
                0x000000000800ccfc                _fwalk_sglue
 .text.printf   0x000000000800cd38       0x24 D:/Program Files/STM32CubeIDE_1.14.0/STM32CubeIDE/plugins/com.st.stm32cube.ide.mcu.externaltools.gnu-tools-for-stm32.11.3.rel1.win32_1.1.100.202309141235/tools/bin/../lib/gcc/arm-none-eabi/11.3.1/../../../../arm-none-eabi/lib/thumb/v7e-m+dp/hard\libc_nano.a(libc_a-printf.o)
                0x000000000800cd38                iprintf
                0x000000000800cd38                printf
 .text.sprintf  0x000000000800cd5c       0x40 D:/Program Files/STM32CubeIDE_1.14.0/STM32CubeIDE/plugins/com.st.stm32cube.ide.mcu.externaltools.gnu-tools-for-stm32.11.3.rel1.win32_1.1.100.202309141235/tools/bin/../lib/gcc/arm-none-eabi/11.3.1/../../../../arm-none-eabi/lib/thumb/v7e-m+dp/hard\libc_nano.a(libc_a-sprintf.o)
                0x000000000800cd5c                siprintf
                0x000000000800cd5c                sprintf
 .text.__sread  0x000000000800cd9c       0x22 D:/Program Files/STM32CubeIDE_1.14.0/STM32CubeIDE/plugins/com.st.stm32cube.ide.mcu.externaltools.gnu-tools-for-stm32.11.3.rel1.win32_1.1.100.202309141235/tools/bin/../lib/gcc/arm-none-eabi/11.3.1/../../../../arm-none-eabi/lib/thumb/v7e-m+dp/hard\libc_nano.a(libc_a-stdio.o)
                0x000000000800cd9c                __sread
 .text.__swrite
                0x000000000800cdbe       0x38 D:/Program Files/STM32CubeIDE_1.14.0/STM32CubeIDE/plugins/com.st.stm32cube.ide.mcu.externaltools.gnu-tools-for-stm32.11.3.rel1.win32_1.1.100.202309141235/tools/bin/../lib/gcc/arm-none-eabi/11.3.1/../../../../arm-none-eabi/lib/thumb/v7e-m+dp/hard\libc_nano.a(libc_a-stdio.o)
                0x000000000800cdbe                __swrite
 .text.__sseek  0x000000000800cdf6       0x24 D:/Program Files/STM32CubeIDE_1.14.0/STM32CubeIDE/plugins/com.st.stm32cube.ide.mcu.externaltools.gnu-tools-for-stm32.11.3.rel1.win32_1.1.100.202309141235/tools/bin/../lib/gcc/arm-none-eabi/11.3.1/../../../../arm-none-eabi/lib/thumb/v7e-m+dp/hard\libc_nano.a(libc_a-stdio.o)
                0x000000000800cdf6                __sseek
 .text.__sclose
                0x000000000800ce1a        0x8 D:/Program Files/STM32CubeIDE_1.14.0/STM32CubeIDE/plugins/com.st.stm32cube.ide.mcu.externaltools.gnu-tools-for-stm32.11.3.rel1.win32_1.1.100.202309141235/tools/bin/../lib/gcc/arm-none-eabi/11.3.1/../../../../arm-none-eabi/lib/thumb/v7e-m+dp/hard\libc_nano.a(libc_a-stdio.o)
                0x000000000800ce1a                __sclose
 .text.memset   0x000000000800ce22       0x10 D:/Program Files/STM32CubeIDE_1.14.0/STM32CubeIDE/plugins/com.st.stm32cube.ide.mcu.externaltools.gnu-tools-for-stm32.11.3.rel1.win32_1.1.100.202309141235/tools/bin/../lib/gcc/arm-none-eabi/11.3.1/../../../../arm-none-eabi/lib/thumb/v7e-m+dp/hard\libc_nano.a(libc_a-memset.o)
                0x000000000800ce22                memset
 *fill*         0x000000000800ce32        0x2 
 .text._localeconv_r
                0x000000000800ce34        0x8 D:/Program Files/STM32CubeIDE_1.14.0/STM32CubeIDE/plugins/com.st.stm32cube.ide.mcu.externaltools.gnu-tools-for-stm32.11.3.rel1.win32_1.1.100.202309141235/tools/bin/../lib/gcc/arm-none-eabi/11.3.1/../../../../arm-none-eabi/lib/thumb/v7e-m+dp/hard\libc_nano.a(libc_a-localeconv.o)
                0x000000000800ce34                _localeconv_r
 .text._close_r
                0x000000000800ce3c       0x20 D:/Program Files/STM32CubeIDE_1.14.0/STM32CubeIDE/plugins/com.st.stm32cube.ide.mcu.externaltools.gnu-tools-for-stm32.11.3.rel1.win32_1.1.100.202309141235/tools/bin/../lib/gcc/arm-none-eabi/11.3.1/../../../../arm-none-eabi/lib/thumb/v7e-m+dp/hard\libc_nano.a(libc_a-closer.o)
                0x000000000800ce3c                _close_r
 .text._lseek_r
                0x000000000800ce5c       0x24 D:/Program Files/STM32CubeIDE_1.14.0/STM32CubeIDE/plugins/com.st.stm32cube.ide.mcu.externaltools.gnu-tools-for-stm32.11.3.rel1.win32_1.1.100.202309141235/tools/bin/../lib/gcc/arm-none-eabi/11.3.1/../../../../arm-none-eabi/lib/thumb/v7e-m+dp/hard\libc_nano.a(libc_a-lseekr.o)
                0x000000000800ce5c                _lseek_r
 .text._read_r  0x000000000800ce80       0x24 D:/Program Files/STM32CubeIDE_1.14.0/STM32CubeIDE/plugins/com.st.stm32cube.ide.mcu.externaltools.gnu-tools-for-stm32.11.3.rel1.win32_1.1.100.202309141235/tools/bin/../lib/gcc/arm-none-eabi/11.3.1/../../../../arm-none-eabi/lib/thumb/v7e-m+dp/hard\libc_nano.a(libc_a-readr.o)
                0x000000000800ce80                _read_r
 .text._sbrk_r  0x000000000800cea4       0x20 D:/Program Files/STM32CubeIDE_1.14.0/STM32CubeIDE/plugins/com.st.stm32cube.ide.mcu.externaltools.gnu-tools-for-stm32.11.3.rel1.win32_1.1.100.202309141235/tools/bin/../lib/gcc/arm-none-eabi/11.3.1/../../../../arm-none-eabi/lib/thumb/v7e-m+dp/hard\libc_nano.a(libc_a-sbrkr.o)
                0x000000000800cea4                _sbrk_r
 .text._write_r
                0x000000000800cec4       0x24 D:/Program Files/STM32CubeIDE_1.14.0/STM32CubeIDE/plugins/com.st.stm32cube.ide.mcu.externaltools.gnu-tools-for-stm32.11.3.rel1.win32_1.1.100.202309141235/tools/bin/../lib/gcc/arm-none-eabi/11.3.1/../../../../arm-none-eabi/lib/thumb/v7e-m+dp/hard\libc_nano.a(libc_a-writer.o)
                0x000000000800cec4                _write_r
 .text.__errno  0x000000000800cee8        0xc D:/Program Files/STM32CubeIDE_1.14.0/STM32CubeIDE/plugins/com.st.stm32cube.ide.mcu.externaltools.gnu-tools-for-stm32.11.3.rel1.win32_1.1.100.202309141235/tools/bin/../lib/gcc/arm-none-eabi/11.3.1/../../../../arm-none-eabi/lib/thumb/v7e-m+dp/hard\libc_nano.a(libc_a-errno.o)
                0x000000000800cee8                __errno
 .text.__libc_init_array
                0x000000000800cef4       0x48 D:/Program Files/STM32CubeIDE_1.14.0/STM32CubeIDE/plugins/com.st.stm32cube.ide.mcu.externaltools.gnu-tools-for-stm32.11.3.rel1.win32_1.1.100.202309141235/tools/bin/../lib/gcc/arm-none-eabi/11.3.1/../../../../arm-none-eabi/lib/thumb/v7e-m+dp/hard\libc_nano.a(libc_a-init.o)
                0x000000000800cef4                __libc_init_array
 .text.__retarget_lock_init_recursive
                0x000000000800cf3c        0x2 D:/Program Files/STM32CubeIDE_1.14.0/STM32CubeIDE/plugins/com.st.stm32cube.ide.mcu.externaltools.gnu-tools-for-stm32.11.3.rel1.win32_1.1.100.202309141235/tools/bin/../lib/gcc/arm-none-eabi/11.3.1/../../../../arm-none-eabi/lib/thumb/v7e-m+dp/hard\libc_nano.a(libc_a-lock.o)
                0x000000000800cf3c                __retarget_lock_init_recursive
 .text.__retarget_lock_acquire_recursive
                0x000000000800cf3e        0x2 D:/Program Files/STM32CubeIDE_1.14.0/STM32CubeIDE/plugins/com.st.stm32cube.ide.mcu.externaltools.gnu-tools-for-stm32.11.3.rel1.win32_1.1.100.202309141235/tools/bin/../lib/gcc/arm-none-eabi/11.3.1/../../../../arm-none-eabi/lib/thumb/v7e-m+dp/hard\libc_nano.a(libc_a-lock.o)
                0x000000000800cf3e                __retarget_lock_acquire_recursive
 .text.__retarget_lock_release_recursive
                0x000000000800cf40        0x2 D:/Program Files/STM32CubeIDE_1.14.0/STM32CubeIDE/plugins/com.st.stm32cube.ide.mcu.externaltools.gnu-tools-for-stm32.11.3.rel1.win32_1.1.100.202309141235/tools/bin/../lib/gcc/arm-none-eabi/11.3.1/../../../../arm-none-eabi/lib/thumb/v7e-m+dp/hard\libc_nano.a(libc_a-lock.o)
                0x000000000800cf40                __retarget_lock_release_recursive
 .text.memcpy   0x000000000800cf42       0x1c D:/Program Files/STM32CubeIDE_1.14.0/STM32CubeIDE/plugins/com.st.stm32cube.ide.mcu.externaltools.gnu-tools-for-stm32.11.3.rel1.win32_1.1.100.202309141235/tools/bin/../lib/gcc/arm-none-eabi/11.3.1/../../../../arm-none-eabi/lib/thumb/v7e-m+dp/hard\libc_nano.a(libc_a-memcpy-stub.o)
                0x000000000800cf42                memcpy
 .text.quorem   0x000000000800cf5e      0x110 D:/Program Files/STM32CubeIDE_1.14.0/STM32CubeIDE/plugins/com.st.stm32cube.ide.mcu.externaltools.gnu-tools-for-stm32.11.3.rel1.win32_1.1.100.202309141235/tools/bin/../lib/gcc/arm-none-eabi/11.3.1/../../../../arm-none-eabi/lib/thumb/v7e-m+dp/hard\libc_nano.a(libc_a-dtoa.o)
 *fill*         0x000000000800d06e        0x2 
 .text._dtoa_r  0x000000000800d070      0xad8 D:/Program Files/STM32CubeIDE_1.14.0/STM32CubeIDE/plugins/com.st.stm32cube.ide.mcu.externaltools.gnu-tools-for-stm32.11.3.rel1.win32_1.1.100.202309141235/tools/bin/../lib/gcc/arm-none-eabi/11.3.1/../../../../arm-none-eabi/lib/thumb/v7e-m+dp/hard\libc_nano.a(libc_a-dtoa.o)
                0x000000000800d070                _dtoa_r
 .text._free_r  0x000000000800db48       0x98 D:/Program Files/STM32CubeIDE_1.14.0/STM32CubeIDE/plugins/com.st.stm32cube.ide.mcu.externaltools.gnu-tools-for-stm32.11.3.rel1.win32_1.1.100.202309141235/tools/bin/../lib/gcc/arm-none-eabi/11.3.1/../../../../arm-none-eabi/lib/thumb/v7e-m+dp/hard\libc_nano.a(libc_a-freer.o)
                0x000000000800db48                _free_r
 .text._Balloc  0x000000000800dbe0       0x80 D:/Program Files/STM32CubeIDE_1.14.0/STM32CubeIDE/plugins/com.st.stm32cube.ide.mcu.externaltools.gnu-tools-for-stm32.11.3.rel1.win32_1.1.100.202309141235/tools/bin/../lib/gcc/arm-none-eabi/11.3.1/../../../../arm-none-eabi/lib/thumb/v7e-m+dp/hard\libc_nano.a(libc_a-mprec.o)
                0x000000000800dbe0                _Balloc
 .text._Bfree   0x000000000800dc60       0x44 D:/Program Files/STM32CubeIDE_1.14.0/STM32CubeIDE/plugins/com.st.stm32cube.ide.mcu.externaltools.gnu-tools-for-stm32.11.3.rel1.win32_1.1.100.202309141235/tools/bin/../lib/gcc/arm-none-eabi/11.3.1/../../../../arm-none-eabi/lib/thumb/v7e-m+dp/hard\libc_nano.a(libc_a-mprec.o)
                0x000000000800dc60                _Bfree
 .text.__multadd
                0x000000000800dca4       0x8c D:/Program Files/STM32CubeIDE_1.14.0/STM32CubeIDE/plugins/com.st.stm32cube.ide.mcu.externaltools.gnu-tools-for-stm32.11.3.rel1.win32_1.1.100.202309141235/tools/bin/../lib/gcc/arm-none-eabi/11.3.1/../../../../arm-none-eabi/lib/thumb/v7e-m+dp/hard\libc_nano.a(libc_a-mprec.o)
                0x000000000800dca4                __multadd
 .text.__hi0bits
                0x000000000800dd30       0x40 D:/Program Files/STM32CubeIDE_1.14.0/STM32CubeIDE/plugins/com.st.stm32cube.ide.mcu.externaltools.gnu-tools-for-stm32.11.3.rel1.win32_1.1.100.202309141235/tools/bin/../lib/gcc/arm-none-eabi/11.3.1/../../../../arm-none-eabi/lib/thumb/v7e-m+dp/hard\libc_nano.a(libc_a-mprec.o)
                0x000000000800dd30                __hi0bits
 .text.__lo0bits
                0x000000000800dd70       0x5a D:/Program Files/STM32CubeIDE_1.14.0/STM32CubeIDE/plugins/com.st.stm32cube.ide.mcu.externaltools.gnu-tools-for-stm32.11.3.rel1.win32_1.1.100.202309141235/tools/bin/../lib/gcc/arm-none-eabi/11.3.1/../../../../arm-none-eabi/lib/thumb/v7e-m+dp/hard\libc_nano.a(libc_a-mprec.o)
                0x000000000800dd70                __lo0bits
 *fill*         0x000000000800ddca        0x2 
 .text.__i2b    0x000000000800ddcc       0x2c D:/Program Files/STM32CubeIDE_1.14.0/STM32CubeIDE/plugins/com.st.stm32cube.ide.mcu.externaltools.gnu-tools-for-stm32.11.3.rel1.win32_1.1.100.202309141235/tools/bin/../lib/gcc/arm-none-eabi/11.3.1/../../../../arm-none-eabi/lib/thumb/v7e-m+dp/hard\libc_nano.a(libc_a-mprec.o)
                0x000000000800ddcc                __i2b
 .text.__multiply
                0x000000000800ddf8      0x154 D:/Program Files/STM32CubeIDE_1.14.0/STM32CubeIDE/plugins/com.st.stm32cube.ide.mcu.externaltools.gnu-tools-for-stm32.11.3.rel1.win32_1.1.100.202309141235/tools/bin/../lib/gcc/arm-none-eabi/11.3.1/../../../../arm-none-eabi/lib/thumb/v7e-m+dp/hard\libc_nano.a(libc_a-mprec.o)
                0x000000000800ddf8                __multiply
 .text.__pow5mult
                0x000000000800df4c       0xb4 D:/Program Files/STM32CubeIDE_1.14.0/STM32CubeIDE/plugins/com.st.stm32cube.ide.mcu.externaltools.gnu-tools-for-stm32.11.3.rel1.win32_1.1.100.202309141235/tools/bin/../lib/gcc/arm-none-eabi/11.3.1/../../../../arm-none-eabi/lib/thumb/v7e-m+dp/hard\libc_nano.a(libc_a-mprec.o)
                0x000000000800df4c                __pow5mult
 .text.__lshift
                0x000000000800e000       0xd8 D:/Program Files/STM32CubeIDE_1.14.0/STM32CubeIDE/plugins/com.st.stm32cube.ide.mcu.externaltools.gnu-tools-for-stm32.11.3.rel1.win32_1.1.100.202309141235/tools/bin/../lib/gcc/arm-none-eabi/11.3.1/../../../../arm-none-eabi/lib/thumb/v7e-m+dp/hard\libc_nano.a(libc_a-mprec.o)
                0x000000000800e000                __lshift
 .text.__mcmp   0x000000000800e0d8       0x38 D:/Program Files/STM32CubeIDE_1.14.0/STM32CubeIDE/plugins/com.st.stm32cube.ide.mcu.externaltools.gnu-tools-for-stm32.11.3.rel1.win32_1.1.100.202309141235/tools/bin/../lib/gcc/arm-none-eabi/11.3.1/../../../../arm-none-eabi/lib/thumb/v7e-m+dp/hard\libc_nano.a(libc_a-mprec.o)
                0x000000000800e0d8                __mcmp
 .text.__mdiff  0x000000000800e110      0x114 D:/Program Files/STM32CubeIDE_1.14.0/STM32CubeIDE/plugins/com.st.stm32cube.ide.mcu.externaltools.gnu-tools-for-stm32.11.3.rel1.win32_1.1.100.202309141235/tools/bin/../lib/gcc/arm-none-eabi/11.3.1/../../../../arm-none-eabi/lib/thumb/v7e-m+dp/hard\libc_nano.a(libc_a-mprec.o)
                0x000000000800e110                __mdiff
 .text.__d2b    0x000000000800e224       0xb4 D:/Program Files/STM32CubeIDE_1.14.0/STM32CubeIDE/plugins/com.st.stm32cube.ide.mcu.externaltools.gnu-tools-for-stm32.11.3.rel1.win32_1.1.100.202309141235/tools/bin/../lib/gcc/arm-none-eabi/11.3.1/../../../../arm-none-eabi/lib/thumb/v7e-m+dp/hard\libc_nano.a(libc_a-mprec.o)
                0x000000000800e224                __d2b
 .text._malloc_usable_size_r
                0x000000000800e2d8       0x10 D:/Program Files/STM32CubeIDE_1.14.0/STM32CubeIDE/plugins/com.st.stm32cube.ide.mcu.externaltools.gnu-tools-for-stm32.11.3.rel1.win32_1.1.100.202309141235/tools/bin/../lib/gcc/arm-none-eabi/11.3.1/../../../../arm-none-eabi/lib/thumb/v7e-m+dp/hard\libc_nano.a(libc_a-msizer.o)
                0x000000000800e2d8                _malloc_usable_size_r
 .text.__ssputs_r
                0x000000000800e2e8       0xb4 D:/Program Files/STM32CubeIDE_1.14.0/STM32CubeIDE/plugins/com.st.stm32cube.ide.mcu.externaltools.gnu-tools-for-stm32.11.3.rel1.win32_1.1.100.202309141235/tools/bin/../lib/gcc/arm-none-eabi/11.3.1/../../../../arm-none-eabi/lib/thumb/v7e-m+dp/hard\libc_nano.a(libc_a-nano-svfprintf.o)
                0x000000000800e2e8                __ssputs_r
 .text._svfprintf_r
                0x000000000800e39c      0x1fc D:/Program Files/STM32CubeIDE_1.14.0/STM32CubeIDE/plugins/com.st.stm32cube.ide.mcu.externaltools.gnu-tools-for-stm32.11.3.rel1.win32_1.1.100.202309141235/tools/bin/../lib/gcc/arm-none-eabi/11.3.1/../../../../arm-none-eabi/lib/thumb/v7e-m+dp/hard\libc_nano.a(libc_a-nano-svfprintf.o)
                0x000000000800e39c                _svfiprintf_r
                0x000000000800e39c                _svfprintf_r
 .text.__sfputc_r
                0x000000000800e598       0x2e D:/Program Files/STM32CubeIDE_1.14.0/STM32CubeIDE/plugins/com.st.stm32cube.ide.mcu.externaltools.gnu-tools-for-stm32.11.3.rel1.win32_1.1.100.202309141235/tools/bin/../lib/gcc/arm-none-eabi/11.3.1/../../../../arm-none-eabi/lib/thumb/v7e-m+dp/hard\libc_nano.a(libc_a-nano-vfprintf.o)
 .text.__sfputs_r
                0x000000000800e5c6       0x24 D:/Program Files/STM32CubeIDE_1.14.0/STM32CubeIDE/plugins/com.st.stm32cube.ide.mcu.externaltools.gnu-tools-for-stm32.11.3.rel1.win32_1.1.100.202309141235/tools/bin/../lib/gcc/arm-none-eabi/11.3.1/../../../../arm-none-eabi/lib/thumb/v7e-m+dp/hard\libc_nano.a(libc_a-nano-vfprintf.o)
                0x000000000800e5c6                __sfputs_r
 *fill*         0x000000000800e5ea        0x2 
 .text._vfprintf_r
                0x000000000800e5ec      0x234 D:/Program Files/STM32CubeIDE_1.14.0/STM32CubeIDE/plugins/com.st.stm32cube.ide.mcu.externaltools.gnu-tools-for-stm32.11.3.rel1.win32_1.1.100.202309141235/tools/bin/../lib/gcc/arm-none-eabi/11.3.1/../../../../arm-none-eabi/lib/thumb/v7e-m+dp/hard\libc_nano.a(libc_a-nano-vfprintf.o)
                0x000000000800e5ec                _vfprintf_r
                0x000000000800e5ec                _vfiprintf_r
 .text.__sflush_r
                0x000000000800e820      0x10c D:/Program Files/STM32CubeIDE_1.14.0/STM32CubeIDE/plugins/com.st.stm32cube.ide.mcu.externaltools.gnu-tools-for-stm32.11.3.rel1.win32_1.1.100.202309141235/tools/bin/../lib/gcc/arm-none-eabi/11.3.1/../../../../arm-none-eabi/lib/thumb/v7e-m+dp/hard\libc_nano.a(libc_a-fflush.o)
                0x000000000800e820                __sflush_r
 .text._fflush_r
                0x000000000800e92c       0x50 D:/Program Files/STM32CubeIDE_1.14.0/STM32CubeIDE/plugins/com.st.stm32cube.ide.mcu.externaltools.gnu-tools-for-stm32.11.3.rel1.win32_1.1.100.202309141235/tools/bin/../lib/gcc/arm-none-eabi/11.3.1/../../../../arm-none-eabi/lib/thumb/v7e-m+dp/hard\libc_nano.a(libc_a-fflush.o)
                0x000000000800e92c                _fflush_r
 .text.__swbuf_r
                0x000000000800e97c       0x7a D:/Program Files/STM32CubeIDE_1.14.0/STM32CubeIDE/plugins/com.st.stm32cube.ide.mcu.externaltools.gnu-tools-for-stm32.11.3.rel1.win32_1.1.100.202309141235/tools/bin/../lib/gcc/arm-none-eabi/11.3.1/../../../../arm-none-eabi/lib/thumb/v7e-m+dp/hard\libc_nano.a(libc_a-wbuf.o)
                0x000000000800e97c                __swbuf_r
 *fill*         0x000000000800e9f6        0x2 
 .text.__swsetup_r
                0x000000000800e9f8       0xb0 D:/Program Files/STM32CubeIDE_1.14.0/STM32CubeIDE/plugins/com.st.stm32cube.ide.mcu.externaltools.gnu-tools-for-stm32.11.3.rel1.win32_1.1.100.202309141235/tools/bin/../lib/gcc/arm-none-eabi/11.3.1/../../../../arm-none-eabi/lib/thumb/v7e-m+dp/hard\libc_nano.a(libc_a-wsetup.o)
                0x000000000800e9f8                __swsetup_r
 .text.memmove  0x000000000800eaa8       0x34 D:/Program Files/STM32CubeIDE_1.14.0/STM32CubeIDE/plugins/com.st.stm32cube.ide.mcu.externaltools.gnu-tools-for-stm32.11.3.rel1.win32_1.1.100.202309141235/tools/bin/../lib/gcc/arm-none-eabi/11.3.1/../../../../arm-none-eabi/lib/thumb/v7e-m+dp/hard\libc_nano.a(libc_a-memmove.o)
                0x000000000800eaa8                memmove
 .text.__assert_func
                0x000000000800eadc       0x3c D:/Program Files/STM32CubeIDE_1.14.0/STM32CubeIDE/plugins/com.st.stm32cube.ide.mcu.externaltools.gnu-tools-for-stm32.11.3.rel1.win32_1.1.100.202309141235/tools/bin/../lib/gcc/arm-none-eabi/11.3.1/../../../../arm-none-eabi/lib/thumb/v7e-m+dp/hard\libc_nano.a(libc_a-assert.o)
                0x000000000800eadc                __assert_func
 .text._calloc_r
                0x000000000800eb18       0x2c D:/Program Files/STM32CubeIDE_1.14.0/STM32CubeIDE/plugins/com.st.stm32cube.ide.mcu.externaltools.gnu-tools-for-stm32.11.3.rel1.win32_1.1.100.202309141235/tools/bin/../lib/gcc/arm-none-eabi/11.3.1/../../../../arm-none-eabi/lib/thumb/v7e-m+dp/hard\libc_nano.a(libc_a-callocr.o)
                0x000000000800eb18                _calloc_r
 .text.__ascii_mbtowc
                0x000000000800eb44       0x24 D:/Program Files/STM32CubeIDE_1.14.0/STM32CubeIDE/plugins/com.st.stm32cube.ide.mcu.externaltools.gnu-tools-for-stm32.11.3.rel1.win32_1.1.100.202309141235/tools/bin/../lib/gcc/arm-none-eabi/11.3.1/../../../../arm-none-eabi/lib/thumb/v7e-m+dp/hard\libc_nano.a(libc_a-mbtowc_r.o)
                0x000000000800eb44                __ascii_mbtowc
 .text.__ascii_wctomb
                0x000000000800eb68       0x1a D:/Program Files/STM32CubeIDE_1.14.0/STM32CubeIDE/plugins/com.st.stm32cube.ide.mcu.externaltools.gnu-tools-for-stm32.11.3.rel1.win32_1.1.100.202309141235/tools/bin/../lib/gcc/arm-none-eabi/11.3.1/../../../../arm-none-eabi/lib/thumb/v7e-m+dp/hard\libc_nano.a(libc_a-wctomb_r.o)
                0x000000000800eb68                __ascii_wctomb
 *fill*         0x000000000800eb82        0x2 
 .text.fprintf  0x000000000800eb84       0x24 D:/Program Files/STM32CubeIDE_1.14.0/STM32CubeIDE/plugins/com.st.stm32cube.ide.mcu.externaltools.gnu-tools-for-stm32.11.3.rel1.win32_1.1.100.202309141235/tools/bin/../lib/gcc/arm-none-eabi/11.3.1/../../../../arm-none-eabi/lib/thumb/v7e-m+dp/hard\libc_nano.a(libc_a-fprintf.o)
                0x000000000800eb84                fiprintf
                0x000000000800eb84                fprintf
 .text.__swhatbuf_r
                0x000000000800eba8       0x4c D:/Program Files/STM32CubeIDE_1.14.0/STM32CubeIDE/plugins/com.st.stm32cube.ide.mcu.externaltools.gnu-tools-for-stm32.11.3.rel1.win32_1.1.100.202309141235/tools/bin/../lib/gcc/arm-none-eabi/11.3.1/../../../../arm-none-eabi/lib/thumb/v7e-m+dp/hard\libc_nano.a(libc_a-makebuf.o)
                0x000000000800eba8                __swhatbuf_r
 .text.__smakebuf_r
                0x000000000800ebf4       0x78 D:/Program Files/STM32CubeIDE_1.14.0/STM32CubeIDE/plugins/com.st.stm32cube.ide.mcu.externaltools.gnu-tools-for-stm32.11.3.rel1.win32_1.1.100.202309141235/tools/bin/../lib/gcc/arm-none-eabi/11.3.1/../../../../arm-none-eabi/lib/thumb/v7e-m+dp/hard\libc_nano.a(libc_a-makebuf.o)
                0x000000000800ebf4                __smakebuf_r
 .text._fstat_r
                0x000000000800ec6c       0x24 D:/Program Files/STM32CubeIDE_1.14.0/STM32CubeIDE/plugins/com.st.stm32cube.ide.mcu.externaltools.gnu-tools-for-stm32.11.3.rel1.win32_1.1.100.202309141235/tools/bin/../lib/gcc/arm-none-eabi/11.3.1/../../../../arm-none-eabi/lib/thumb/v7e-m+dp/hard\libc_nano.a(libc_a-fstatr.o)
                0x000000000800ec6c                _fstat_r
 .text._isatty_r
                0x000000000800ec90       0x20 D:/Program Files/STM32CubeIDE_1.14.0/STM32CubeIDE/plugins/com.st.stm32cube.ide.mcu.externaltools.gnu-tools-for-stm32.11.3.rel1.win32_1.1.100.202309141235/tools/bin/../lib/gcc/arm-none-eabi/11.3.1/../../../../arm-none-eabi/lib/thumb/v7e-m+dp/hard\libc_nano.a(libc_a-isattyr.o)
                0x000000000800ec90                _isatty_r
 .text.abort    0x000000000800ecb0        0xe D:/Program Files/STM32CubeIDE_1.14.0/STM32CubeIDE/plugins/com.st.stm32cube.ide.mcu.externaltools.gnu-tools-for-stm32.11.3.rel1.win32_1.1.100.202309141235/tools/bin/../lib/gcc/arm-none-eabi/11.3.1/../../../../arm-none-eabi/lib/thumb/v7e-m+dp/hard\libc_nano.a(libc_a-abort.o)
                0x000000000800ecb0                abort
 .text._raise_r
                0x000000000800ecbe       0x50 D:/Program Files/STM32CubeIDE_1.14.0/STM32CubeIDE/plugins/com.st.stm32cube.ide.mcu.externaltools.gnu-tools-for-stm32.11.3.rel1.win32_1.1.100.202309141235/tools/bin/../lib/gcc/arm-none-eabi/11.3.1/../../../../arm-none-eabi/lib/thumb/v7e-m+dp/hard\libc_nano.a(libc_a-signal.o)
                0x000000000800ecbe                _raise_r
 *fill*         0x000000000800ed0e        0x2 
 .text.raise    0x000000000800ed10       0x10 D:/Program Files/STM32CubeIDE_1.14.0/STM32CubeIDE/plugins/com.st.stm32cube.ide.mcu.externaltools.gnu-tools-for-stm32.11.3.rel1.win32_1.1.100.202309141235/tools/bin/../lib/gcc/arm-none-eabi/11.3.1/../../../../arm-none-eabi/lib/thumb/v7e-m+dp/hard\libc_nano.a(libc_a-signal.o)
                0x000000000800ed10                raise
 .text._kill_r  0x000000000800ed20       0x24 D:/Program Files/STM32CubeIDE_1.14.0/STM32CubeIDE/plugins/com.st.stm32cube.ide.mcu.externaltools.gnu-tools-for-stm32.11.3.rel1.win32_1.1.100.202309141235/tools/bin/../lib/gcc/arm-none-eabi/11.3.1/../../../../arm-none-eabi/lib/thumb/v7e-m+dp/hard\libc_nano.a(libc_a-signalr.o)
                0x000000000800ed20                _kill_r
 .text._getpid_r
                0x000000000800ed44        0x4 D:/Program Files/STM32CubeIDE_1.14.0/STM32CubeIDE/plugins/com.st.stm32cube.ide.mcu.externaltools.gnu-tools-for-stm32.11.3.rel1.win32_1.1.100.202309141235/tools/bin/../lib/gcc/arm-none-eabi/11.3.1/../../../../arm-none-eabi/lib/thumb/v7e-m+dp/hard\libc_nano.a(libc_a-signalr.o)
                0x000000000800ed44                _getpid_r
 .text.fabsf    0x000000000800ed48        0xe D:/Program Files/STM32CubeIDE_1.14.0/STM32CubeIDE/plugins/com.st.stm32cube.ide.mcu.externaltools.gnu-tools-for-stm32.11.3.rel1.win32_1.1.100.202309141235/tools/bin/../lib/gcc/arm-none-eabi/11.3.1/../../../../arm-none-eabi/lib/thumb/v7e-m+dp/hard\libm.a(libm_a-sf_fabs.o)
                0x000000000800ed48                fabsf
 *fill*         0x000000000800ed56        0x2 
 .text.tanhf    0x000000000800ed58       0xd0 D:/Program Files/STM32CubeIDE_1.14.0/STM32CubeIDE/plugins/com.st.stm32cube.ide.mcu.externaltools.gnu-tools-for-stm32.11.3.rel1.win32_1.1.100.202309141235/tools/bin/../lib/gcc/arm-none-eabi/11.3.1/../../../../arm-none-eabi/lib/thumb/v7e-m+dp/hard\libm.a(libm_a-sf_tanh.o)
                0x000000000800ed58                tanhf
 .text.expm1f   0x000000000800ee28      0x238 D:/Program Files/STM32CubeIDE_1.14.0/STM32CubeIDE/plugins/com.st.stm32cube.ide.mcu.externaltools.gnu-tools-for-stm32.11.3.rel1.win32_1.1.100.202309141235/tools/bin/../lib/gcc/arm-none-eabi/11.3.1/../../../../arm-none-eabi/lib/thumb/v7e-m+dp/hard\libm.a(libm_a-sf_expm1.o)
                0x000000000800ee28                expm1f
 .text.expf     0x000000000800f060       0xe8 D:/Program Files/STM32CubeIDE_1.14.0/STM32CubeIDE/plugins/com.st.stm32cube.ide.mcu.externaltools.gnu-tools-for-stm32.11.3.rel1.win32_1.1.100.202309141235/tools/bin/../lib/gcc/arm-none-eabi/11.3.1/../../../../arm-none-eabi/lib/thumb/v7e-m+dp/hard\libm.a(libm_a-sf_exp.o)
                0x000000000800f060                expf
 .text.with_errnof
                0x000000000800f148       0x16 D:/Program Files/STM32CubeIDE_1.14.0/STM32CubeIDE/plugins/com.st.stm32cube.ide.mcu.externaltools.gnu-tools-for-stm32.11.3.rel1.win32_1.1.100.202309141235/tools/bin/../lib/gcc/arm-none-eabi/11.3.1/../../../../arm-none-eabi/lib/thumb/v7e-m+dp/hard\libm.a(libm_a-math_errf.o)
 .text.xflowf   0x000000000800f15e       0x16 D:/Program Files/STM32CubeIDE_1.14.0/STM32CubeIDE/plugins/com.st.stm32cube.ide.mcu.externaltools.gnu-tools-for-stm32.11.3.rel1.win32_1.1.100.202309141235/tools/bin/../lib/gcc/arm-none-eabi/11.3.1/../../../../arm-none-eabi/lib/thumb/v7e-m+dp/hard\libm.a(libm_a-math_errf.o)
 .text.__math_uflowf
                0x000000000800f174        0xc D:/Program Files/STM32CubeIDE_1.14.0/STM32CubeIDE/plugins/com.st.stm32cube.ide.mcu.externaltools.gnu-tools-for-stm32.11.3.rel1.win32_1.1.100.202309141235/tools/bin/../lib/gcc/arm-none-eabi/11.3.1/../../../../arm-none-eabi/lib/thumb/v7e-m+dp/hard\libm.a(libm_a-math_errf.o)
                0x000000000800f174                __math_uflowf
 .text.__math_may_uflowf
                0x000000000800f180        0xc D:/Program Files/STM32CubeIDE_1.14.0/STM32CubeIDE/plugins/com.st.stm32cube.ide.mcu.externaltools.gnu-tools-for-stm32.11.3.rel1.win32_1.1.100.202309141235/tools/bin/../lib/gcc/arm-none-eabi/11.3.1/../../../../arm-none-eabi/lib/thumb/v7e-m+dp/hard\libm.a(libm_a-math_errf.o)
                0x000000000800f180                __math_may_uflowf
 .text.__math_oflowf
                0x000000000800f18c        0xc D:/Program Files/STM32CubeIDE_1.14.0/STM32CubeIDE/plugins/com.st.stm32cube.ide.mcu.externaltools.gnu-tools-for-stm32.11.3.rel1.win32_1.1.100.202309141235/tools/bin/../lib/gcc/arm-none-eabi/11.3.1/../../../../arm-none-eabi/lib/thumb/v7e-m+dp/hard\libm.a(libm_a-math_errf.o)
                0x000000000800f18c                __math_oflowf
 .text._close   0x000000000800f198       0x10 D:/Program Files/STM32CubeIDE_1.14.0/STM32CubeIDE/plugins/com.st.stm32cube.ide.mcu.externaltools.gnu-tools-for-stm32.11.3.rel1.win32_1.1.100.202309141235/tools/bin/../lib/gcc/arm-none-eabi/11.3.1/../../../../arm-none-eabi/lib/thumb/v7e-m+dp/hard\libnosys.a(close.o)
                0x000000000800f198                _close
 .text._fstat   0x000000000800f1a8       0x10 D:/Program Files/STM32CubeIDE_1.14.0/STM32CubeIDE/plugins/com.st.stm32cube.ide.mcu.externaltools.gnu-tools-for-stm32.11.3.rel1.win32_1.1.100.202309141235/tools/bin/../lib/gcc/arm-none-eabi/11.3.1/../../../../arm-none-eabi/lib/thumb/v7e-m+dp/hard\libnosys.a(fstat.o)
                0x000000000800f1a8                _fstat
 .text._getpid  0x000000000800f1b8       0x10 D:/Program Files/STM32CubeIDE_1.14.0/STM32CubeIDE/plugins/com.st.stm32cube.ide.mcu.externaltools.gnu-tools-for-stm32.11.3.rel1.win32_1.1.100.202309141235/tools/bin/../lib/gcc/arm-none-eabi/11.3.1/../../../../arm-none-eabi/lib/thumb/v7e-m+dp/hard\libnosys.a(getpid.o)
                0x000000000800f1b8                _getpid
 .text._isatty  0x000000000800f1c8       0x10 D:/Program Files/STM32CubeIDE_1.14.0/STM32CubeIDE/plugins/com.st.stm32cube.ide.mcu.externaltools.gnu-tools-for-stm32.11.3.rel1.win32_1.1.100.202309141235/tools/bin/../lib/gcc/arm-none-eabi/11.3.1/../../../../arm-none-eabi/lib/thumb/v7e-m+dp/hard\libnosys.a(isatty.o)
                0x000000000800f1c8                _isatty
 .text._kill    0x000000000800f1d8       0x10 D:/Program Files/STM32CubeIDE_1.14.0/STM32CubeIDE/plugins/com.st.stm32cube.ide.mcu.externaltools.gnu-tools-for-stm32.11.3.rel1.win32_1.1.100.202309141235/tools/bin/../lib/gcc/arm-none-eabi/11.3.1/../../../../arm-none-eabi/lib/thumb/v7e-m+dp/hard\libnosys.a(kill.o)
                0x000000000800f1d8                _kill
 .text._lseek   0x000000000800f1e8       0x10 D:/Program Files/STM32CubeIDE_1.14.0/STM32CubeIDE/plugins/com.st.stm32cube.ide.mcu.externaltools.gnu-tools-for-stm32.11.3.rel1.win32_1.1.100.202309141235/tools/bin/../lib/gcc/arm-none-eabi/11.3.1/../../../../arm-none-eabi/lib/thumb/v7e-m+dp/hard\libnosys.a(lseek.o)
                0x000000000800f1e8                _lseek
 .text._read    0x000000000800f1f8       0x10 D:/Program Files/STM32CubeIDE_1.14.0/STM32CubeIDE/plugins/com.st.stm32cube.ide.mcu.externaltools.gnu-tools-for-stm32.11.3.rel1.win32_1.1.100.202309141235/tools/bin/../lib/gcc/arm-none-eabi/11.3.1/../../../../arm-none-eabi/lib/thumb/v7e-m+dp/hard\libnosys.a(read.o)
                0x000000000800f1f8                _read
 .text._write   0x000000000800f208       0x10 D:/Program Files/STM32CubeIDE_1.14.0/STM32CubeIDE/plugins/com.st.stm32cube.ide.mcu.externaltools.gnu-tools-for-stm32.11.3.rel1.win32_1.1.100.202309141235/tools/bin/../lib/gcc/arm-none-eabi/11.3.1/../../../../arm-none-eabi/lib/thumb/v7e-m+dp/hard\libnosys.a(write.o)
                0x000000000800f208                _write
 .text._exit    0x000000000800f218        0x2 D:/Program Files/STM32CubeIDE_1.14.0/STM32CubeIDE/plugins/com.st.stm32cube.ide.mcu.externaltools.gnu-tools-for-stm32.11.3.rel1.win32_1.1.100.202309141235/tools/bin/../lib/gcc/arm-none-eabi/11.3.1/../../../../arm-none-eabi/lib/thumb/v7e-m+dp/hard\libnosys.a(_exit.o)
                0x000000000800f218                _exit
 *(.glue_7)
 .glue_7        0x000000000800f21a        0x0 linker stubs
 *(.glue_7t)
 .glue_7t       0x000000000800f21a        0x0 linker stubs
 *(.eh_frame)
 *fill*         0x000000000800f21a        0x2 
 .eh_frame      0x000000000800f21c        0x0 D:/Program Files/STM32CubeIDE_1.14.0/STM32CubeIDE/plugins/com.st.stm32cube.ide.mcu.externaltools.gnu-tools-for-stm32.11.3.rel1.win32_1.1.100.202309141235/tools/bin/../lib/gcc/arm-none-eabi/11.3.1/thumb/v7e-m+dp/hard/crtbegin.o
 *(.init)
 .init          0x000000000800f21c        0x4 D:/Program Files/STM32CubeIDE_1.14.0/STM32CubeIDE/plugins/com.st.stm32cube.ide.mcu.externaltools.gnu-tools-for-stm32.11.3.rel1.win32_1.1.100.202309141235/tools/bin/../lib/gcc/arm-none-eabi/11.3.1/thumb/v7e-m+dp/hard/crti.o
                0x000000000800f21c                _init
 .init          0x000000000800f220        0x8 D:/Program Files/STM32CubeIDE_1.14.0/STM32CubeIDE/plugins/com.st.stm32cube.ide.mcu.externaltools.gnu-tools-for-stm32.11.3.rel1.win32_1.1.100.202309141235/tools/bin/../lib/gcc/arm-none-eabi/11.3.1/thumb/v7e-m+dp/hard/crtn.o
 *(.fini)
 .fini          0x000000000800f228        0x4 D:/Program Files/STM32CubeIDE_1.14.0/STM32CubeIDE/plugins/com.st.stm32cube.ide.mcu.externaltools.gnu-tools-for-stm32.11.3.rel1.win32_1.1.100.202309141235/tools/bin/../lib/gcc/arm-none-eabi/11.3.1/thumb/v7e-m+dp/hard/crti.o
                0x000000000800f228                _fini
 .fini          0x000000000800f22c        0x8 D:/Program Files/STM32CubeIDE_1.14.0/STM32CubeIDE/plugins/com.st.stm32cube.ide.mcu.externaltools.gnu-tools-for-stm32.11.3.rel1.win32_1.1.100.202309141235/tools/bin/../lib/gcc/arm-none-eabi/11.3.1/thumb/v7e-m+dp/hard/crtn.o
                0x000000000800f234                . = ALIGN (0x4)
                0x000000000800f234                _etext = .

.vfp11_veneer   0x000000000800f234        0x0
 .vfp11_veneer  0x000000000800f234        0x0 linker stubs

.v4_bx          0x000000000800f234        0x0
 .v4_bx         0x000000000800f234        0x0 linker stubs

.iplt           0x000000000800f234        0x0
 .iplt          0x000000000800f234        0x0 D:/Program Files/STM32CubeIDE_1.14.0/STM32CubeIDE/plugins/com.st.stm32cube.ide.mcu.externaltools.gnu-tools-for-stm32.11.3.rel1.win32_1.1.100.202309141235/tools/bin/../lib/gcc/arm-none-eabi/11.3.1/thumb/v7e-m+dp/hard/crtbegin.o

.rodata         0x000000000800f240     0x4f68
                0x000000000800f240                . = ALIGN (0x4)
 *(.rodata)
 .rodata        0x000000000800f240       0x83 ./Core/Src/main.o
 *fill*         0x000000000800f2c3        0x1 
 .rodata        0x000000000800f2c4       0x30 ./X-CUBE-AI/App/network_data.o
 *(.rodata*)
 .rodata.D1CorePrescTable
                0x000000000800f2f4       0x10 ./Core/Src/system_stm32h7xx.o
                0x000000000800f2f4                D1CorePrescTable
 .rodata.UARTPrescTable
                0x000000000800f304       0x18 ./Drivers/STM32H7xx_HAL_Driver/Src/stm32h7xx_hal_uart.o
                0x000000000800f304                UARTPrescTable
 .rodata.numerator.1
                0x000000000800f31c        0x8 ./Drivers/STM32H7xx_HAL_Driver/Src/stm32h7xx_hal_uart_ex.o
 .rodata.denominator.0
                0x000000000800f324        0x8 ./Drivers/STM32H7xx_HAL_Driver/Src/stm32h7xx_hal_uart_ex.o
 .rodata.nl_3_chain
                0x000000000800f32c        0x8 ./X-CUBE-AI/App/network.o
 .rodata.gemm_2_chain
                0x000000000800f334        0x8 ./X-CUBE-AI/App/network.o
 .rodata.lstm_0_chain
                0x000000000800f33c        0x8 ./X-CUBE-AI/App/network.o
 *fill*         0x000000000800f344       0x1c 
 .rodata.s_network_weights_array_u64
                0x000000000800f360     0x4988 ./X-CUBE-AI/App/network_data_params.o
                0x000000000800f360                s_network_weights_array_u64
 .rodata._printf_float.str1.1
                0x0000000008013ce8       0x12 D:/Program Files/STM32CubeIDE_1.14.0/STM32CubeIDE/plugins/com.st.stm32cube.ide.mcu.externaltools.gnu-tools-for-stm32.11.3.rel1.win32_1.1.100.202309141235/tools/bin/../lib/gcc/arm-none-eabi/11.3.1/../../../../arm-none-eabi/lib/thumb/v7e-m+dp/hard\libc_nano.a(libc_a-nano-vfprintf_float.o)
 .rodata._printf_i.str1.1
                0x0000000008013cfa       0x22 D:/Program Files/STM32CubeIDE_1.14.0/STM32CubeIDE/plugins/com.st.stm32cube.ide.mcu.externaltools.gnu-tools-for-stm32.11.3.rel1.win32_1.1.100.202309141235/tools/bin/../lib/gcc/arm-none-eabi/11.3.1/../../../../arm-none-eabi/lib/thumb/v7e-m+dp/hard\libc_nano.a(libc_a-nano-vfprintf_i.o)
 .rodata._dtoa_r.str1.1
                0x0000000008013d1c       0x8d D:/Program Files/STM32CubeIDE_1.14.0/STM32CubeIDE/plugins/com.st.stm32cube.ide.mcu.externaltools.gnu-tools-for-stm32.11.3.rel1.win32_1.1.100.202309141235/tools/bin/../lib/gcc/arm-none-eabi/11.3.1/../../../../arm-none-eabi/lib/thumb/v7e-m+dp/hard\libc_nano.a(libc_a-dtoa.o)
                                         0x8f (size before relaxing)
 .rodata._Balloc.str1.1
                0x0000000008013da9       0x59 D:/Program Files/STM32CubeIDE_1.14.0/STM32CubeIDE/plugins/com.st.stm32cube.ide.mcu.externaltools.gnu-tools-for-stm32.11.3.rel1.win32_1.1.100.202309141235/tools/bin/../lib/gcc/arm-none-eabi/11.3.1/../../../../arm-none-eabi/lib/thumb/v7e-m+dp/hard\libc_nano.a(libc_a-mprec.o)
                                         0x70 (size before relaxing)
 .rodata.__multadd.str1.1
                0x0000000008013e02       0x11 D:/Program Files/STM32CubeIDE_1.14.0/STM32CubeIDE/plugins/com.st.stm32cube.ide.mcu.externaltools.gnu-tools-for-stm32.11.3.rel1.win32_1.1.100.202309141235/tools/bin/../lib/gcc/arm-none-eabi/11.3.1/../../../../arm-none-eabi/lib/thumb/v7e-m+dp/hard\libc_nano.a(libc_a-mprec.o)
 *fill*         0x0000000008013e02        0x6 
 .rodata.__mprec_bigtens
                0x0000000008013e08       0x28 D:/Program Files/STM32CubeIDE_1.14.0/STM32CubeIDE/plugins/com.st.stm32cube.ide.mcu.externaltools.gnu-tools-for-stm32.11.3.rel1.win32_1.1.100.202309141235/tools/bin/../lib/gcc/arm-none-eabi/11.3.1/../../../../arm-none-eabi/lib/thumb/v7e-m+dp/hard\libc_nano.a(libc_a-mprec.o)
                0x0000000008013e08                __mprec_bigtens
 .rodata.__mprec_tens
                0x0000000008013e30       0xc8 D:/Program Files/STM32CubeIDE_1.14.0/STM32CubeIDE/plugins/com.st.stm32cube.ide.mcu.externaltools.gnu-tools-for-stm32.11.3.rel1.win32_1.1.100.202309141235/tools/bin/../lib/gcc/arm-none-eabi/11.3.1/../../../../arm-none-eabi/lib/thumb/v7e-m+dp/hard\libc_nano.a(libc_a-mprec.o)
                0x0000000008013e30                __mprec_tens
 .rodata.p05.0  0x0000000008013ef8        0xc D:/Program Files/STM32CubeIDE_1.14.0/STM32CubeIDE/plugins/com.st.stm32cube.ide.mcu.externaltools.gnu-tools-for-stm32.11.3.rel1.win32_1.1.100.202309141235/tools/bin/../lib/gcc/arm-none-eabi/11.3.1/../../../../arm-none-eabi/lib/thumb/v7e-m+dp/hard\libc_nano.a(libc_a-mprec.o)
 .rodata._svfprintf_r.str1.1
                0x0000000008013f04       0x11 D:/Program Files/STM32CubeIDE_1.14.0/STM32CubeIDE/plugins/com.st.stm32cube.ide.mcu.externaltools.gnu-tools-for-stm32.11.3.rel1.win32_1.1.100.202309141235/tools/bin/../lib/gcc/arm-none-eabi/11.3.1/../../../../arm-none-eabi/lib/thumb/v7e-m+dp/hard\libc_nano.a(libc_a-nano-svfprintf.o)
 .rodata._vfprintf_r.str1.1
                0x0000000008013f15       0x11 D:/Program Files/STM32CubeIDE_1.14.0/STM32CubeIDE/plugins/com.st.stm32cube.ide.mcu.externaltools.gnu-tools-for-stm32.11.3.rel1.win32_1.1.100.202309141235/tools/bin/../lib/gcc/arm-none-eabi/11.3.1/../../../../arm-none-eabi/lib/thumb/v7e-m+dp/hard\libc_nano.a(libc_a-nano-vfprintf.o)
 .rodata._setlocale_r.str1.1
                0x0000000008013f15        0x8 D:/Program Files/STM32CubeIDE_1.14.0/STM32CubeIDE/plugins/com.st.stm32cube.ide.mcu.externaltools.gnu-tools-for-stm32.11.3.rel1.win32_1.1.100.202309141235/tools/bin/../lib/gcc/arm-none-eabi/11.3.1/../../../../arm-none-eabi/lib/thumb/v7e-m+dp/hard\libc_nano.a(libc_a-locale.o)
                                          0x9 (size before relaxing)
 .rodata.str1.1
                0x0000000008013f1d        0x2 D:/Program Files/STM32CubeIDE_1.14.0/STM32CubeIDE/plugins/com.st.stm32cube.ide.mcu.externaltools.gnu-tools-for-stm32.11.3.rel1.win32_1.1.100.202309141235/tools/bin/../lib/gcc/arm-none-eabi/11.3.1/../../../../arm-none-eabi/lib/thumb/v7e-m+dp/hard\libc_nano.a(libc_a-locale.o)
 .rodata.__assert_func.str1.1
                0x0000000008013f1f       0x3c D:/Program Files/STM32CubeIDE_1.14.0/STM32CubeIDE/plugins/com.st.stm32cube.ide.mcu.externaltools.gnu-tools-for-stm32.11.3.rel1.win32_1.1.100.202309141235/tools/bin/../lib/gcc/arm-none-eabi/11.3.1/../../../../arm-none-eabi/lib/thumb/v7e-m+dp/hard\libc_nano.a(libc_a-assert.o)
                                         0x3d (size before relaxing)
 .rodata._ctype_
                0x0000000008013f5b      0x101 D:/Program Files/STM32CubeIDE_1.14.0/STM32CubeIDE/plugins/com.st.stm32cube.ide.mcu.externaltools.gnu-tools-for-stm32.11.3.rel1.win32_1.1.100.202309141235/tools/bin/../lib/gcc/arm-none-eabi/11.3.1/../../../../arm-none-eabi/lib/thumb/v7e-m+dp/hard\libc_nano.a(libc_a-ctype_.o)
                0x0000000008013f5b                _ctype_
 *fill*         0x000000000801405c        0x4 
 .rodata.__exp2f_data
                0x0000000008014060      0x148 D:/Program Files/STM32CubeIDE_1.14.0/STM32CubeIDE/plugins/com.st.stm32cube.ide.mcu.externaltools.gnu-tools-for-stm32.11.3.rel1.win32_1.1.100.202309141235/tools/bin/../lib/gcc/arm-none-eabi/11.3.1/../../../../arm-none-eabi/lib/thumb/v7e-m+dp/hard\libm.a(libm_a-sf_exp2_data.o)
                0x0000000008014060                __exp2f_data
                0x00000000080141a8                . = ALIGN (0x4)

.ARM.extab
 *(.ARM.extab* .gnu.linkonce.armextab.*)

.ARM            0x00000000080141a8        0x8
                0x00000000080141a8                __exidx_start = .
 *(.ARM.exidx*)
 .ARM.exidx     0x00000000080141a8        0x8 D:/Program Files/STM32CubeIDE_1.14.0/STM32CubeIDE/plugins/com.st.stm32cube.ide.mcu.externaltools.gnu-tools-for-stm32.11.3.rel1.win32_1.1.100.202309141235/tools/bin/../lib/gcc/arm-none-eabi/11.3.1/thumb/v7e-m+dp/hard\libgcc.a(_udivmoddi4.o)
                0x00000000080141b0                __exidx_end = .

.rel.dyn        0x00000000080141b0        0x0
 .rel.iplt      0x00000000080141b0        0x0 D:/Program Files/STM32CubeIDE_1.14.0/STM32CubeIDE/plugins/com.st.stm32cube.ide.mcu.externaltools.gnu-tools-for-stm32.11.3.rel1.win32_1.1.100.202309141235/tools/bin/../lib/gcc/arm-none-eabi/11.3.1/thumb/v7e-m+dp/hard/crtbegin.o

.preinit_array  0x00000000080141b0        0x0
                0x00000000080141b0                PROVIDE (__preinit_array_start = .)
 *(.preinit_array*)
                0x00000000080141b0                PROVIDE (__preinit_array_end = .)

.init_array     0x00000000080141b0        0x4
                0x00000000080141b0                PROVIDE (__init_array_start = .)
 *(SORT_BY_NAME(.init_array.*))
 *(.init_array*)
 .init_array    0x00000000080141b0        0x4 D:/Program Files/STM32CubeIDE_1.14.0/STM32CubeIDE/plugins/com.st.stm32cube.ide.mcu.externaltools.gnu-tools-for-stm32.11.3.rel1.win32_1.1.100.202309141235/tools/bin/../lib/gcc/arm-none-eabi/11.3.1/thumb/v7e-m+dp/hard/crtbegin.o
                0x00000000080141b4                PROVIDE (__init_array_end = .)

.fini_array     0x00000000080141b4        0x4
                [!provide]                        PROVIDE (__fini_array_start = .)
 *(SORT_BY_NAME(.fini_array.*))
 *(.fini_array*)
 .fini_array    0x00000000080141b4        0x4 D:/Program Files/STM32CubeIDE_1.14.0/STM32CubeIDE/plugins/com.st.stm32cube.ide.mcu.externaltools.gnu-tools-for-stm32.11.3.rel1.win32_1.1.100.202309141235/tools/bin/../lib/gcc/arm-none-eabi/11.3.1/thumb/v7e-m+dp/hard/crtbegin.o
                [!provide]                        PROVIDE (__fini_array_end = .)
                0x00000000080141b8                _sidata = LOADADDR (.data)

.data           0x0000000024000000      0x7f0 load address 0x00000000080141b8
                0x0000000024000000                . = ALIGN (0x4)
                0x0000000024000000                _sdata = .
 *(.data)
 *(.data*)
 .data.SystemCoreClock
                0x0000000024000000        0x4 ./Core/Src/system_stm32h7xx.o
                0x0000000024000000                SystemCoreClock
 .data.SystemD2Clock
                0x0000000024000004        0x4 ./Core/Src/system_stm32h7xx.o
                0x0000000024000004                SystemD2Clock
 .data.uwTickPrio
                0x0000000024000008        0x4 ./Drivers/STM32H7xx_HAL_Driver/Src/stm32h7xx_hal.o
                0x0000000024000008                uwTickPrio
 .data.uwTickFreq
                0x000000002400000c        0x1 ./Drivers/STM32H7xx_HAL_Driver/Src/stm32h7xx_hal.o
                0x000000002400000c                uwTickFreq
 *fill*         0x000000002400000d        0x3 
 .data.lstm_0_recurrent_array
                0x0000000024000010       0x10 ./X-CUBE-AI/App/network.o
 .data.lstm_0_peephole_array
                0x0000000024000020       0x10 ./X-CUBE-AI/App/network.o
 .data.lstm_0_bias_array
                0x0000000024000030       0x10 ./X-CUBE-AI/App/network.o
 .data.gemm_2_weights_array
                0x0000000024000040       0x10 ./X-CUBE-AI/App/network.o
 .data.gemm_2_bias_array
                0x0000000024000050       0x10 ./X-CUBE-AI/App/network.o
 .data.lstm_0_scratch0_array